// Jest Snapshot v1, https://goo.gl/fbAQLP

exports[`<SelectListSessionCode> Given a class search form snapshot if the selected term is not summer 1`] = `null`;

exports[`<SelectListSessionCode> Given a class search form snapshot if the selected term is summer 1`] = `
Array [
  <HTMLSelect
    className="session-code"
    id="session-code"
    onChange={[Function]}
    options={
      Array [
        Object {
          "label": "Summer Session (6 Week 1)",
          "value": "6W1",
        },
        Object {
          "label": "Summer Session (6 Week 2)",
          "value": "6W2",
        },
        Object {
          "label": "Summer Session (10 Week)",
          "value": "10W",
        },
      ]
    }
    value="all"
  >
    <div
      className="bp3-html-select session-code"
    >
      <select
        id="session-code"
        multiple={false}
        onChange={[Function]}
        value="all"
      >
        <option
          key="6W1"
          label="Summer Session (6 Week 1)"
          value="6W1"
        >
          Summer Session (6 Week 1)
        </option>
        <option
          key="6W2"
          label="Summer Session (6 Week 2)"
          value="6W2"
        >
          Summer Session (6 Week 2)
        </option>
        <option
          key="10W"
          label="Summer Session (10 Week)"
          value="10W"
        >
          Summer Session (10 Week)
        </option>
      </select>
      <Blueprint3.Icon
        icon="double-caret-vertical"
      >
        <span
          className="bp3-icon bp3-icon-double-caret-vertical"
          icon="double-caret-vertical"
        >
          <svg
            data-icon="double-caret-vertical"
            height={16}
            viewBox="0 0 16 16"
            width={16}
          >
            <desc>
              double-caret-vertical
            </desc>
            <path
              d="M5 7h6a1.003 1.003 0 00.71-1.71l-3-3C8.53 2.11 8.28 2 8 2s-.53.11-.71.29l-3 3A1.003 1.003 0 005 7zm6 2H5a1.003 1.003 0 00-.71 1.71l3 3c.18.18.43.29.71.29s.53-.11.71-.29l3-3A1.003 1.003 0 0011 9z"
              fillRule="evenodd"
              key="0"
            />
          </svg>
        </span>
      </Blueprint3.Icon>
    </div>
  </HTMLSelect>,
  <div
    className="bp3-html-select session-code"
  >
    <select
      id="session-code"
      multiple={false}
      onChange={[Function]}
      value="all"
    >
      <option
        key="6W1"
        label="Summer Session (6 Week 1)"
        value="6W1"
      >
        Summer Session (6 Week 1)
      </option>
      <option
        key="6W2"
        label="Summer Session (6 Week 2)"
        value="6W2"
      >
        Summer Session (6 Week 2)
      </option>
      <option
        key="10W"
        label="Summer Session (10 Week)"
        value="10W"
      >
        Summer Session (10 Week)
      </option>
    </select>
    <Blueprint3.Icon
      icon="double-caret-vertical"
    >
      <span
        className="bp3-icon bp3-icon-double-caret-vertical"
        icon="double-caret-vertical"
      >
        <svg
          data-icon="double-caret-vertical"
          height={16}
          viewBox="0 0 16 16"
          width={16}
        >
          <desc>
            double-caret-vertical
          </desc>
          <path
            d="M5 7h6a1.003 1.003 0 00.71-1.71l-3-3C8.53 2.11 8.28 2 8 2s-.53.11-.71.29l-3 3A1.003 1.003 0 005 7zm6 2H5a1.003 1.003 0 00-.71 1.71l3 3c.18.18.43.29.71.29s.53-.11.71-.29l3-3A1.003 1.003 0 0011 9z"
            fillRule="evenodd"
            key="0"
          />
        </svg>
      </span>
    </Blueprint3.Icon>
  </div>,
]
`;
