// Jest Snapshot v1, https://goo.gl/fbAQLP

exports[`Meeting day component Given a class search form meeting day component snapshot 1`] = `
Array [
  <Blueprint3.ControlGroup
    className="meeting-day"
    fill={true}
    vertical={false}
  >
    <div
      className="bp3-control-group bp3-fill meeting-day"
    >
      <Component>
        <label
          className="bp3-label"
        >
          Course Meeting Day
        </label>
      </Component>
      <Blueprint3.Checkbox
        checked={false}
        className="mon"
        label="Mon"
        onChange={[Function]}
        onKeyDown={[Function]}
        value="mon"
      >
        <Control
          checked={false}
          className="mon"
          inputRef={[Function]}
          label="Mon"
          onChange={[Function]}
          onKeyDown={[Function]}
          type="checkbox"
          typeClassName="bp3-checkbox"
          value="mon"
        >
          <label
            className="bp3-control bp3-checkbox mon"
          >
            <input
              checked={false}
              onChange={[Function]}
              onKeyDown={[Function]}
              type="checkbox"
              value="mon"
            />
            <span
              className="bp3-control-indicator"
            />
            Mon
          </label>
        </Control>
      </Blueprint3.Checkbox>
      <Blueprint3.Checkbox
        checked={false}
        className="tue"
        label="Tue"
        onChange={[Function]}
        onKeyDown={[Function]}
        value="tue"
      >
        <Control
          checked={false}
          className="tue"
          inputRef={[Function]}
          label="Tue"
          onChange={[Function]}
          onKeyDown={[Function]}
          type="checkbox"
          typeClassName="bp3-checkbox"
          value="tue"
        >
          <label
            className="bp3-control bp3-checkbox tue"
          >
            <input
              checked={false}
              onChange={[Function]}
              onKeyDown={[Function]}
              type="checkbox"
              value="tue"
            />
            <span
              className="bp3-control-indicator"
            />
            Tue
          </label>
        </Control>
      </Blueprint3.Checkbox>
      <Blueprint3.Checkbox
        checked={false}
        className="wed"
        label="Wed"
        onChange={[Function]}
        onKeyDown={[Function]}
        value="wed"
      >
        <Control
          checked={false}
          className="wed"
          inputRef={[Function]}
          label="Wed"
          onChange={[Function]}
          onKeyDown={[Function]}
          type="checkbox"
          typeClassName="bp3-checkbox"
          value="wed"
        >
          <label
            className="bp3-control bp3-checkbox wed"
          >
            <input
              checked={false}
              onChange={[Function]}
              onKeyDown={[Function]}
              type="checkbox"
              value="wed"
            />
            <span
              className="bp3-control-indicator"
            />
            Wed
          </label>
        </Control>
      </Blueprint3.Checkbox>
      <Blueprint3.Checkbox
        checked={false}
        className="thu"
        label="Thu"
        onChange={[Function]}
        onKeyDown={[Function]}
        value="thu"
      >
        <Control
          checked={false}
          className="thu"
          inputRef={[Function]}
          label="Thu"
          onChange={[Function]}
          onKeyDown={[Function]}
          type="checkbox"
          typeClassName="bp3-checkbox"
          value="thu"
        >
          <label
            className="bp3-control bp3-checkbox thu"
          >
            <input
              checked={false}
              onChange={[Function]}
              onKeyDown={[Function]}
              type="checkbox"
              value="thu"
            />
            <span
              className="bp3-control-indicator"
            />
            Thu
          </label>
        </Control>
      </Blueprint3.Checkbox>
      <Blueprint3.Checkbox
        checked={false}
        className="fri"
        label="Fri"
        onChange={[Function]}
        onKeyDown={[Function]}
        value="fri"
      >
        <Control
          checked={false}
          className="fri"
          inputRef={[Function]}
          label="Fri"
          onChange={[Function]}
          onKeyDown={[Function]}
          type="checkbox"
          typeClassName="bp3-checkbox"
          value="fri"
        >
          <label
            className="bp3-control bp3-checkbox fri"
          >
            <input
              checked={false}
              onChange={[Function]}
              onKeyDown={[Function]}
              type="checkbox"
              value="fri"
            />
            <span
              className="bp3-control-indicator"
            />
            Fri
          </label>
        </Control>
      </Blueprint3.Checkbox>
      <Blueprint3.Checkbox
        checked={false}
        className="sat"
        label="Sat"
        onChange={[Function]}
        onKeyDown={[Function]}
        value="sat"
      >
        <Control
          checked={false}
          className="sat"
          inputRef={[Function]}
          label="Sat"
          onChange={[Function]}
          onKeyDown={[Function]}
          type="checkbox"
          typeClassName="bp3-checkbox"
          value="sat"
        >
          <label
            className="bp3-control bp3-checkbox sat"
          >
            <input
              checked={false}
              onChange={[Function]}
              onKeyDown={[Function]}
              type="checkbox"
              value="sat"
            />
            <span
              className="bp3-control-indicator"
            />
            Sat
          </label>
        </Control>
      </Blueprint3.Checkbox>
      <Blueprint3.Checkbox
        checked={false}
        className="sun"
        label="Sun"
        onChange={[Function]}
        onKeyDown={[Function]}
        value="sun"
      >
        <Control
          checked={false}
          className="sun"
          inputRef={[Function]}
          label="Sun"
          onChange={[Function]}
          onKeyDown={[Function]}
          type="checkbox"
          typeClassName="bp3-checkbox"
          value="sun"
        >
          <label
            className="bp3-control bp3-checkbox sun"
          >
            <input
              checked={false}
              onChange={[Function]}
              onKeyDown={[Function]}
              type="checkbox"
              value="sun"
            />
            <span
              className="bp3-control-indicator"
            />
            Sun
          </label>
        </Control>
      </Blueprint3.Checkbox>
    </div>
  </Blueprint3.ControlGroup>,
  <div
    className="bp3-control-group bp3-fill meeting-day"
  >
    <Component>
      <label
        className="bp3-label"
      >
        Course Meeting Day
      </label>
    </Component>
    <Blueprint3.Checkbox
      checked={false}
      className="mon"
      label="Mon"
      onChange={[Function]}
      onKeyDown={[Function]}
      value="mon"
    >
      <Control
        checked={false}
        className="mon"
        inputRef={[Function]}
        label="Mon"
        onChange={[Function]}
        onKeyDown={[Function]}
        type="checkbox"
        typeClassName="bp3-checkbox"
        value="mon"
      >
        <label
          className="bp3-control bp3-checkbox mon"
        >
          <input
            checked={false}
            onChange={[Function]}
            onKeyDown={[Function]}
            type="checkbox"
            value="mon"
          />
          <span
            className="bp3-control-indicator"
          />
          Mon
        </label>
      </Control>
    </Blueprint3.Checkbox>
    <Blueprint3.Checkbox
      checked={false}
      className="tue"
      label="Tue"
      onChange={[Function]}
      onKeyDown={[Function]}
      value="tue"
    >
      <Control
        checked={false}
        className="tue"
        inputRef={[Function]}
        label="Tue"
        onChange={[Function]}
        onKeyDown={[Function]}
        type="checkbox"
        typeClassName="bp3-checkbox"
        value="tue"
      >
        <label
          className="bp3-control bp3-checkbox tue"
        >
          <input
            checked={false}
            onChange={[Function]}
            onKeyDown={[Function]}
            type="checkbox"
            value="tue"
          />
          <span
            className="bp3-control-indicator"
          />
          Tue
        </label>
      </Control>
    </Blueprint3.Checkbox>
    <Blueprint3.Checkbox
      checked={false}
      className="wed"
      label="Wed"
      onChange={[Function]}
      onKeyDown={[Function]}
      value="wed"
    >
      <Control
        checked={false}
        className="wed"
        inputRef={[Function]}
        label="Wed"
        onChange={[Function]}
        onKeyDown={[Function]}
        type="checkbox"
        typeClassName="bp3-checkbox"
        value="wed"
      >
        <label
          className="bp3-control bp3-checkbox wed"
        >
          <input
            checked={false}
            onChange={[Function]}
            onKeyDown={[Function]}
            type="checkbox"
            value="wed"
          />
          <span
            className="bp3-control-indicator"
          />
          Wed
        </label>
      </Control>
    </Blueprint3.Checkbox>
    <Blueprint3.Checkbox
      checked={false}
      className="thu"
      label="Thu"
      onChange={[Function]}
      onKeyDown={[Function]}
      value="thu"
    >
      <Control
        checked={false}
        className="thu"
        inputRef={[Function]}
        label="Thu"
        onChange={[Function]}
        onKeyDown={[Function]}
        type="checkbox"
        typeClassName="bp3-checkbox"
        value="thu"
      >
        <label
          className="bp3-control bp3-checkbox thu"
        >
          <input
            checked={false}
            onChange={[Function]}
            onKeyDown={[Function]}
            type="checkbox"
            value="thu"
          />
          <span
            className="bp3-control-indicator"
          />
          Thu
        </label>
      </Control>
    </Blueprint3.Checkbox>
    <Blueprint3.Checkbox
      checked={false}
      className="fri"
      label="Fri"
      onChange={[Function]}
      onKeyDown={[Function]}
      value="fri"
    >
      <Control
        checked={false}
        className="fri"
        inputRef={[Function]}
        label="Fri"
        onChange={[Function]}
        onKeyDown={[Function]}
        type="checkbox"
        typeClassName="bp3-checkbox"
        value="fri"
      >
        <label
          className="bp3-control bp3-checkbox fri"
        >
          <input
            checked={false}
            onChange={[Function]}
            onKeyDown={[Function]}
            type="checkbox"
            value="fri"
          />
          <span
            className="bp3-control-indicator"
          />
          Fri
        </label>
      </Control>
    </Blueprint3.Checkbox>
    <Blueprint3.Checkbox
      checked={false}
      className="sat"
      label="Sat"
      onChange={[Function]}
      onKeyDown={[Function]}
      value="sat"
    >
      <Control
        checked={false}
        className="sat"
        inputRef={[Function]}
        label="Sat"
        onChange={[Function]}
        onKeyDown={[Function]}
        type="checkbox"
        typeClassName="bp3-checkbox"
        value="sat"
      >
        <label
          className="bp3-control bp3-checkbox sat"
        >
          <input
            checked={false}
            onChange={[Function]}
            onKeyDown={[Function]}
            type="checkbox"
            value="sat"
          />
          <span
            className="bp3-control-indicator"
          />
          Sat
        </label>
      </Control>
    </Blueprint3.Checkbox>
    <Blueprint3.Checkbox
      checked={false}
      className="sun"
      label="Sun"
      onChange={[Function]}
      onKeyDown={[Function]}
      value="sun"
    >
      <Control
        checked={false}
        className="sun"
        inputRef={[Function]}
        label="Sun"
        onChange={[Function]}
        onKeyDown={[Function]}
        type="checkbox"
        typeClassName="bp3-checkbox"
        value="sun"
      >
        <label
          className="bp3-control bp3-checkbox sun"
        >
          <input
            checked={false}
            onChange={[Function]}
            onKeyDown={[Function]}
            type="checkbox"
            value="sun"
          />
          <span
            className="bp3-control-indicator"
          />
          Sun
        </label>
      </Control>
    </Blueprint3.Checkbox>
  </div>,
]
`;
