// Jest Snapshot v1, https://goo.gl/fbAQLP

exports[`Meeting day component Given a class search form meeting day component snapshot 1`] = `
Array [
  <Blueprint3.ControlGroup
    className="meeting-day"
    fill={true}
    vertical={false}
  >
    <div
      className="bp3-control-group bp3-fill meeting-day"
    >
      <div
        className="label"
      >
        Class Day(s)
      </div>
      <div
        id="meeting-day"
      >
        <div
          className="form-item"
        >
          <Blueprint3.Checkbox
            alignIndicator="left"
            checked={false}
            className="mon"
            id="mon"
            inline={true}
            label="Monday"
            onChange={[Function]}
            onKeyDown={[Function]}
            value="mon"
          >
            <Control
              alignIndicator="left"
              checked={false}
              className="mon"
              id="mon"
              inline={true}
              inputRef={[Function]}
              label="Monday"
              onChange={[Function]}
              onKeyDown={[Function]}
              type="checkbox"
              typeClassName="bp3-checkbox"
              value="mon"
            >
              <label
                className="bp3-control bp3-checkbox bp3-inline bp3-align-left mon"
              >
                <input
                  checked={false}
                  id="mon"
                  onChange={[Function]}
                  onKeyDown={[Function]}
                  type="checkbox"
                  value="mon"
                />
                <span
                  className="bp3-control-indicator"
                />
                Monday
              </label>
            </Control>
          </Blueprint3.Checkbox>
        </div>
        <div
          className="form-item"
        >
          <Blueprint3.Checkbox
            alignIndicator="left"
            checked={false}
            className="tue"
            id="tue"
            inline={true}
            label="Tuesday"
            onChange={[Function]}
            onKeyDown={[Function]}
            value="tue"
          >
            <Control
              alignIndicator="left"
              checked={false}
              className="tue"
              id="tue"
              inline={true}
              inputRef={[Function]}
              label="Tuesday"
              onChange={[Function]}
              onKeyDown={[Function]}
              type="checkbox"
              typeClassName="bp3-checkbox"
              value="tue"
            >
              <label
                className="bp3-control bp3-checkbox bp3-inline bp3-align-left tue"
              >
                <input
                  checked={false}
                  id="tue"
                  onChange={[Function]}
                  onKeyDown={[Function]}
                  type="checkbox"
                  value="tue"
                />
                <span
                  className="bp3-control-indicator"
                />
                Tuesday
              </label>
            </Control>
          </Blueprint3.Checkbox>
        </div>
        <div
          className="form-item"
        >
          <Blueprint3.Checkbox
            alignIndicator="left"
            checked={false}
            className="wed"
            id="wed"
            inline={true}
            label="Wednesday"
            onChange={[Function]}
            onKeyDown={[Function]}
            value="wed"
          >
            <Control
              alignIndicator="left"
              checked={false}
              className="wed"
              id="wed"
              inline={true}
              inputRef={[Function]}
              label="Wednesday"
              onChange={[Function]}
              onKeyDown={[Function]}
              type="checkbox"
              typeClassName="bp3-checkbox"
              value="wed"
            >
              <label
                className="bp3-control bp3-checkbox bp3-inline bp3-align-left wed"
              >
                <input
                  checked={false}
                  id="wed"
                  onChange={[Function]}
                  onKeyDown={[Function]}
                  type="checkbox"
                  value="wed"
                />
                <span
                  className="bp3-control-indicator"
                />
                Wednesday
              </label>
            </Control>
          </Blueprint3.Checkbox>
        </div>
        <div
          className="form-item"
        >
          <Blueprint3.Checkbox
            alignIndicator="left"
            checked={false}
            className="thu"
            id="thu"
            inline={true}
            label="Thursday"
            onChange={[Function]}
            onKeyDown={[Function]}
            value="thu"
          >
            <Control
              alignIndicator="left"
              checked={false}
              className="thu"
              id="thu"
              inline={true}
              inputRef={[Function]}
              label="Thursday"
              onChange={[Function]}
              onKeyDown={[Function]}
              type="checkbox"
              typeClassName="bp3-checkbox"
              value="thu"
            >
              <label
                className="bp3-control bp3-checkbox bp3-inline bp3-align-left thu"
              >
                <input
                  checked={false}
                  id="thu"
                  onChange={[Function]}
                  onKeyDown={[Function]}
                  type="checkbox"
                  value="thu"
                />
                <span
                  className="bp3-control-indicator"
                />
                Thursday
              </label>
            </Control>
          </Blueprint3.Checkbox>
        </div>
        <div
          className="form-item"
        >
          <Blueprint3.Checkbox
            alignIndicator="left"
            checked={false}
            className="fri"
            id="fri"
            inline={true}
            label="Friday"
            onChange={[Function]}
            onKeyDown={[Function]}
            value="fri"
          >
            <Control
              alignIndicator="left"
              checked={false}
              className="fri"
              id="fri"
              inline={true}
              inputRef={[Function]}
              label="Friday"
              onChange={[Function]}
              onKeyDown={[Function]}
              type="checkbox"
              typeClassName="bp3-checkbox"
              value="fri"
            >
              <label
                className="bp3-control bp3-checkbox bp3-inline bp3-align-left fri"
              >
                <input
                  checked={false}
                  id="fri"
                  onChange={[Function]}
                  onKeyDown={[Function]}
                  type="checkbox"
                  value="fri"
                />
                <span
                  className="bp3-control-indicator"
                />
                Friday
              </label>
            </Control>
          </Blueprint3.Checkbox>
        </div>
        <div
          className="form-item"
        >
          <Blueprint3.Checkbox
            alignIndicator="left"
            checked={false}
            className="sat"
            id="sat"
            inline={true}
            label="Saturday"
            onChange={[Function]}
            onKeyDown={[Function]}
            value="sat"
          >
            <Control
              alignIndicator="left"
              checked={false}
              className="sat"
              id="sat"
              inline={true}
              inputRef={[Function]}
              label="Saturday"
              onChange={[Function]}
              onKeyDown={[Function]}
              type="checkbox"
              typeClassName="bp3-checkbox"
              value="sat"
            >
              <label
                className="bp3-control bp3-checkbox bp3-inline bp3-align-left sat"
              >
                <input
                  checked={false}
                  id="sat"
                  onChange={[Function]}
                  onKeyDown={[Function]}
                  type="checkbox"
                  value="sat"
                />
                <span
                  className="bp3-control-indicator"
                />
                Saturday
              </label>
            </Control>
          </Blueprint3.Checkbox>
        </div>
        <div
          className="form-item"
        >
          <Blueprint3.Checkbox
            alignIndicator="left"
            checked={false}
            className="sun"
            id="sun"
            inline={true}
            label="Sunday"
            onChange={[Function]}
            onKeyDown={[Function]}
            value="sun"
          >
            <Control
              alignIndicator="left"
              checked={false}
              className="sun"
              id="sun"
              inline={true}
              inputRef={[Function]}
              label="Sunday"
              onChange={[Function]}
              onKeyDown={[Function]}
              type="checkbox"
              typeClassName="bp3-checkbox"
              value="sun"
            >
              <label
                className="bp3-control bp3-checkbox bp3-inline bp3-align-left sun"
              >
                <input
                  checked={false}
                  id="sun"
                  onChange={[Function]}
                  onKeyDown={[Function]}
                  type="checkbox"
                  value="sun"
                />
                <span
                  className="bp3-control-indicator"
                />
                Sunday
              </label>
            </Control>
          </Blueprint3.Checkbox>
        </div>
      </div>
    </div>
  </Blueprint3.ControlGroup>,
  <div
    className="bp3-control-group bp3-fill meeting-day"
  >
    <div
      className="label"
    >
      Class Day(s)
    </div>
    <div
      id="meeting-day"
    >
      <div
        className="form-item"
      >
        <Blueprint3.Checkbox
          alignIndicator="left"
          checked={false}
          className="mon"
          id="mon"
          inline={true}
          label="Monday"
          onChange={[Function]}
          onKeyDown={[Function]}
          value="mon"
        >
          <Control
            alignIndicator="left"
            checked={false}
            className="mon"
            id="mon"
            inline={true}
            inputRef={[Function]}
            label="Monday"
            onChange={[Function]}
            onKeyDown={[Function]}
            type="checkbox"
            typeClassName="bp3-checkbox"
            value="mon"
          >
            <label
              className="bp3-control bp3-checkbox bp3-inline bp3-align-left mon"
            >
              <input
                checked={false}
                id="mon"
                onChange={[Function]}
                onKeyDown={[Function]}
                type="checkbox"
                value="mon"
              />
              <span
                className="bp3-control-indicator"
              />
              Monday
            </label>
          </Control>
        </Blueprint3.Checkbox>
      </div>
      <div
        className="form-item"
      >
        <Blueprint3.Checkbox
          alignIndicator="left"
          checked={false}
          className="tue"
          id="tue"
          inline={true}
          label="Tuesday"
          onChange={[Function]}
          onKeyDown={[Function]}
          value="tue"
        >
          <Control
            alignIndicator="left"
            checked={false}
            className="tue"
            id="tue"
            inline={true}
            inputRef={[Function]}
            label="Tuesday"
            onChange={[Function]}
            onKeyDown={[Function]}
            type="checkbox"
            typeClassName="bp3-checkbox"
            value="tue"
          >
            <label
              className="bp3-control bp3-checkbox bp3-inline bp3-align-left tue"
            >
              <input
                checked={false}
                id="tue"
                onChange={[Function]}
                onKeyDown={[Function]}
                type="checkbox"
                value="tue"
              />
              <span
                className="bp3-control-indicator"
              />
              Tuesday
            </label>
          </Control>
        </Blueprint3.Checkbox>
      </div>
      <div
        className="form-item"
      >
        <Blueprint3.Checkbox
          alignIndicator="left"
          checked={false}
          className="wed"
          id="wed"
          inline={true}
          label="Wednesday"
          onChange={[Function]}
          onKeyDown={[Function]}
          value="wed"
        >
          <Control
            alignIndicator="left"
            checked={false}
            className="wed"
            id="wed"
            inline={true}
            inputRef={[Function]}
            label="Wednesday"
            onChange={[Function]}
            onKeyDown={[Function]}
            type="checkbox"
            typeClassName="bp3-checkbox"
            value="wed"
          >
            <label
              className="bp3-control bp3-checkbox bp3-inline bp3-align-left wed"
            >
              <input
                checked={false}
                id="wed"
                onChange={[Function]}
                onKeyDown={[Function]}
                type="checkbox"
                value="wed"
              />
              <span
                className="bp3-control-indicator"
              />
              Wednesday
            </label>
          </Control>
        </Blueprint3.Checkbox>
      </div>
      <div
        className="form-item"
      >
        <Blueprint3.Checkbox
          alignIndicator="left"
          checked={false}
          className="thu"
          id="thu"
          inline={true}
          label="Thursday"
          onChange={[Function]}
          onKeyDown={[Function]}
          value="thu"
        >
          <Control
            alignIndicator="left"
            checked={false}
            className="thu"
            id="thu"
            inline={true}
            inputRef={[Function]}
            label="Thursday"
            onChange={[Function]}
            onKeyDown={[Function]}
            type="checkbox"
            typeClassName="bp3-checkbox"
            value="thu"
          >
            <label
              className="bp3-control bp3-checkbox bp3-inline bp3-align-left thu"
            >
              <input
                checked={false}
                id="thu"
                onChange={[Function]}
                onKeyDown={[Function]}
                type="checkbox"
                value="thu"
              />
              <span
                className="bp3-control-indicator"
              />
              Thursday
            </label>
          </Control>
        </Blueprint3.Checkbox>
      </div>
      <div
        className="form-item"
      >
        <Blueprint3.Checkbox
          alignIndicator="left"
          checked={false}
          className="fri"
          id="fri"
          inline={true}
          label="Friday"
          onChange={[Function]}
          onKeyDown={[Function]}
          value="fri"
        >
          <Control
            alignIndicator="left"
            checked={false}
            className="fri"
            id="fri"
            inline={true}
            inputRef={[Function]}
            label="Friday"
            onChange={[Function]}
            onKeyDown={[Function]}
            type="checkbox"
            typeClassName="bp3-checkbox"
            value="fri"
          >
            <label
              className="bp3-control bp3-checkbox bp3-inline bp3-align-left fri"
            >
              <input
                checked={false}
                id="fri"
                onChange={[Function]}
                onKeyDown={[Function]}
                type="checkbox"
                value="fri"
              />
              <span
                className="bp3-control-indicator"
              />
              Friday
            </label>
          </Control>
        </Blueprint3.Checkbox>
      </div>
      <div
        className="form-item"
      >
        <Blueprint3.Checkbox
          alignIndicator="left"
          checked={false}
          className="sat"
          id="sat"
          inline={true}
          label="Saturday"
          onChange={[Function]}
          onKeyDown={[Function]}
          value="sat"
        >
          <Control
            alignIndicator="left"
            checked={false}
            className="sat"
            id="sat"
            inline={true}
            inputRef={[Function]}
            label="Saturday"
            onChange={[Function]}
            onKeyDown={[Function]}
            type="checkbox"
            typeClassName="bp3-checkbox"
            value="sat"
          >
            <label
              className="bp3-control bp3-checkbox bp3-inline bp3-align-left sat"
            >
              <input
                checked={false}
                id="sat"
                onChange={[Function]}
                onKeyDown={[Function]}
                type="checkbox"
                value="sat"
              />
              <span
                className="bp3-control-indicator"
              />
              Saturday
            </label>
          </Control>
        </Blueprint3.Checkbox>
      </div>
      <div
        className="form-item"
      >
        <Blueprint3.Checkbox
          alignIndicator="left"
          checked={false}
          className="sun"
          id="sun"
          inline={true}
          label="Sunday"
          onChange={[Function]}
          onKeyDown={[Function]}
          value="sun"
        >
          <Control
            alignIndicator="left"
            checked={false}
            className="sun"
            id="sun"
            inline={true}
            inputRef={[Function]}
            label="Sunday"
            onChange={[Function]}
            onKeyDown={[Function]}
            type="checkbox"
            typeClassName="bp3-checkbox"
            value="sun"
          >
            <label
              className="bp3-control bp3-checkbox bp3-inline bp3-align-left sun"
            >
              <input
                checked={false}
                id="sun"
                onChange={[Function]}
                onKeyDown={[Function]}
                type="checkbox"
                value="sun"
              />
              <span
                className="bp3-control-indicator"
              />
              Sunday
            </label>
          </Control>
        </Blueprint3.Checkbox>
      </div>
    </div>
  </div>,
]
`;
