// Jest Snapshot v1, https://goo.gl/fbAQLP

exports[`Course level component component snapshot 1`] = `
<CourseLevels
  courseLevelsOptions={
    Object {
      "1000": false,
      "2000": false,
      "3000": false,
      "4000": false,
      "5000": false,
      "6000": false,
      "7000": false,
    }
  }
  onChangeOfCourseLevelsOptions={[Function]}
  onKeyDown={[Function]}
>
  <Blueprint3.ControlGroup
    className="course-levels-filter-wrapper"
    fill={true}
    vertical={false}
  >
    <div
      className="bp3-control-group bp3-fill course-levels-filter-wrapper"
    >
      <div
        className="label"
      >
        Course Levels
      </div>
      <div
        id="course-levels-filter"
      >
        <div
          className="form-item"
          key="0"
        >
          <Blueprint3.Checkbox
            alignIndicator="left"
            checked={false}
            className="course-levels-checkboxes"
            id="thousand"
            inline={true}
            label="1000"
            onChange={[Function]}
            onKeyDown={[Function]}
            value="1000"
          >
            <Control
              alignIndicator="left"
              checked={false}
              className="course-levels-checkboxes"
              id="thousand"
              inline={true}
              inputRef={[Function]}
              label="1000"
              onChange={[Function]}
              onKeyDown={[Function]}
              type="checkbox"
              typeClassName="bp3-checkbox"
              value="1000"
            >
              <label
                className="bp3-control bp3-checkbox bp3-inline bp3-align-left course-levels-checkboxes"
              >
                <input
                  checked={false}
                  id="thousand"
                  onChange={[Function]}
                  onKeyDown={[Function]}
                  type="checkbox"
                  value="1000"
                />
                <span
                  className="bp3-control-indicator"
                />
                1000
              </label>
            </Control>
          </Blueprint3.Checkbox>
        </div>
        <div
          className="form-item"
          key="1"
        >
          <Blueprint3.Checkbox
            alignIndicator="left"
            checked={false}
            className="course-levels-checkboxes"
            id="two-thousand"
            inline={true}
            label="2000"
            onChange={[Function]}
            onKeyDown={[Function]}
            value="2000"
          >
            <Control
              alignIndicator="left"
              checked={false}
              className="course-levels-checkboxes"
              id="two-thousand"
              inline={true}
              inputRef={[Function]}
              label="2000"
              onChange={[Function]}
              onKeyDown={[Function]}
              type="checkbox"
              typeClassName="bp3-checkbox"
              value="2000"
            >
              <label
                className="bp3-control bp3-checkbox bp3-inline bp3-align-left course-levels-checkboxes"
              >
                <input
                  checked={false}
                  id="two-thousand"
                  onChange={[Function]}
                  onKeyDown={[Function]}
                  type="checkbox"
                  value="2000"
                />
                <span
                  className="bp3-control-indicator"
                />
                2000
              </label>
            </Control>
          </Blueprint3.Checkbox>
        </div>
        <div
          className="form-item"
          key="2"
        >
          <Blueprint3.Checkbox
            alignIndicator="left"
            checked={false}
            className="course-levels-checkboxes"
            id="three-thousand"
            inline={true}
            label="3000"
            onChange={[Function]}
            onKeyDown={[Function]}
            value="3000"
          >
            <Control
              alignIndicator="left"
              checked={false}
              className="course-levels-checkboxes"
              id="three-thousand"
              inline={true}
              inputRef={[Function]}
              label="3000"
              onChange={[Function]}
              onKeyDown={[Function]}
              type="checkbox"
              typeClassName="bp3-checkbox"
              value="3000"
            >
              <label
                className="bp3-control bp3-checkbox bp3-inline bp3-align-left course-levels-checkboxes"
              >
                <input
                  checked={false}
                  id="three-thousand"
                  onChange={[Function]}
                  onKeyDown={[Function]}
                  type="checkbox"
                  value="3000"
                />
                <span
                  className="bp3-control-indicator"
                />
                3000
              </label>
            </Control>
          </Blueprint3.Checkbox>
        </div>
        <div
          className="form-item"
          key="3"
        >
          <Blueprint3.Checkbox
            alignIndicator="left"
            checked={false}
            className="course-levels-checkboxes"
            id="four-thousand"
            inline={true}
            label="4000"
            onChange={[Function]}
            onKeyDown={[Function]}
            value="4000"
          >
            <Control
              alignIndicator="left"
              checked={false}
              className="course-levels-checkboxes"
              id="four-thousand"
              inline={true}
              inputRef={[Function]}
              label="4000"
              onChange={[Function]}
              onKeyDown={[Function]}
              type="checkbox"
              typeClassName="bp3-checkbox"
              value="4000"
            >
              <label
                className="bp3-control bp3-checkbox bp3-inline bp3-align-left course-levels-checkboxes"
              >
                <input
                  checked={false}
                  id="four-thousand"
                  onChange={[Function]}
                  onKeyDown={[Function]}
                  type="checkbox"
                  value="4000"
                />
                <span
                  className="bp3-control-indicator"
                />
                4000
              </label>
            </Control>
          </Blueprint3.Checkbox>
        </div>
        <div
          className="form-item"
          key="4"
        >
          <Blueprint3.Checkbox
            alignIndicator="left"
            checked={false}
            className="course-levels-checkboxes"
            id="five-thousand"
            inline={true}
            label="5000"
            onChange={[Function]}
            onKeyDown={[Function]}
            value="5000"
          >
            <Control
              alignIndicator="left"
              checked={false}
              className="course-levels-checkboxes"
              id="five-thousand"
              inline={true}
              inputRef={[Function]}
              label="5000"
              onChange={[Function]}
              onKeyDown={[Function]}
              type="checkbox"
              typeClassName="bp3-checkbox"
              value="5000"
            >
              <label
                className="bp3-control bp3-checkbox bp3-inline bp3-align-left course-levels-checkboxes"
              >
                <input
                  checked={false}
                  id="five-thousand"
                  onChange={[Function]}
                  onKeyDown={[Function]}
                  type="checkbox"
                  value="5000"
                />
                <span
                  className="bp3-control-indicator"
                />
                5000
              </label>
            </Control>
          </Blueprint3.Checkbox>
        </div>
        <div
          className="form-item"
          key="5"
        >
          <Blueprint3.Checkbox
            alignIndicator="left"
            checked={false}
            className="course-levels-checkboxes"
            id="six-thousand"
            inline={true}
            label="6000"
            onChange={[Function]}
            onKeyDown={[Function]}
            value="6000"
          >
            <Control
              alignIndicator="left"
              checked={false}
              className="course-levels-checkboxes"
              id="six-thousand"
              inline={true}
              inputRef={[Function]}
              label="6000"
              onChange={[Function]}
              onKeyDown={[Function]}
              type="checkbox"
              typeClassName="bp3-checkbox"
              value="6000"
            >
              <label
                className="bp3-control bp3-checkbox bp3-inline bp3-align-left course-levels-checkboxes"
              >
                <input
                  checked={false}
                  id="six-thousand"
                  onChange={[Function]}
                  onKeyDown={[Function]}
                  type="checkbox"
                  value="6000"
                />
                <span
                  className="bp3-control-indicator"
                />
                6000
              </label>
            </Control>
          </Blueprint3.Checkbox>
        </div>
        <div
          className="form-item"
          key="6"
        >
          <Blueprint3.Checkbox
            alignIndicator="left"
            checked={false}
            className="course-levels-checkboxes"
            id="seven-thousand"
            inline={true}
            label="7000"
            onChange={[Function]}
            onKeyDown={[Function]}
            value="7000"
          >
            <Control
              alignIndicator="left"
              checked={false}
              className="course-levels-checkboxes"
              id="seven-thousand"
              inline={true}
              inputRef={[Function]}
              label="7000"
              onChange={[Function]}
              onKeyDown={[Function]}
              type="checkbox"
              typeClassName="bp3-checkbox"
              value="7000"
            >
              <label
                className="bp3-control bp3-checkbox bp3-inline bp3-align-left course-levels-checkboxes"
              >
                <input
                  checked={false}
                  id="seven-thousand"
                  onChange={[Function]}
                  onKeyDown={[Function]}
                  type="checkbox"
                  value="7000"
                />
                <span
                  className="bp3-control-indicator"
                />
                7000
              </label>
            </Control>
          </Blueprint3.Checkbox>
        </div>
      </div>
    </div>
  </Blueprint3.ControlGroup>
</CourseLevels>
`;
