// Jest Snapshot v1, https://goo.gl/fbAQLP

exports[`snapshots Class search container component snapshot 1`] = `
<Fragment>
  <div
    className="form-section"
  >
    <div
      className="container"
    >
      <ClassSearchForm
        campus="both"
        classNo=""
        courseAttr="all"
        courseNo=""
        endTime={1899-01-02T07:00:00.000Z}
        geClassesAttribute=""
        geClassesAttributes={Array []}
        instructionMode="all"
        instructors={Array []}
        isReset={false}
        meetingDate={
          Object {
            "fri": false,
            "mon": false,
            "sat": false,
            "sun": false,
            "thu": false,
            "tue": false,
            "wed": false,
          }
        }
        onChangeOfCampus={[Function]}
        onChangeOfClassNo={[Function]}
        onChangeOfCourseAttr={[Function]}
        onChangeOfCourseNo={[Function]}
        onChangeOfEndTime={[Function]}
        onChangeOfGeClassesAttribute={[Function]}
        onChangeOfInstructionMode={[Function]}
        onChangeOfInstructor={[Function]}
        onChangeOfMeetingDate={[Function]}
        onChangeOfSessionCode={[Function]}
        onChangeOfStartTime={[Function]}
        onChangeOfSubject={[Function]}
        onChangeOfTerm={[Function]}
        onKeyDown={[Function]}
        onReset={[Function]}
        onSubmit={[Function]}
        sessionCode="all"
        startTime={1899-01-01T08:00:00.000Z}
        subjects={Array []}
        term={Array []}
      />
    </div>
  </div>
</Fragment>
`;

exports[`snapshots compare search form snapshot 1`] = `
<div
  className="container"
>
  <ClassSearchForm
    campus="both"
    classNo=""
    courseAttr="all"
    courseNo=""
    endTime={1899-01-02T07:00:00.000Z}
    geClassesAttribute=""
    geClassesAttributes={Array []}
    instructionMode="all"
    instructors={Array []}
    isReset={false}
    meetingDate={
      Object {
        "fri": false,
        "mon": false,
        "sat": false,
        "sun": false,
        "thu": false,
        "tue": false,
        "wed": false,
      }
    }
    onChangeOfCampus={[Function]}
    onChangeOfClassNo={[Function]}
    onChangeOfCourseAttr={[Function]}
    onChangeOfCourseNo={[Function]}
    onChangeOfEndTime={[Function]}
    onChangeOfGeClassesAttribute={[Function]}
    onChangeOfInstructionMode={[Function]}
    onChangeOfInstructor={[Function]}
    onChangeOfMeetingDate={[Function]}
    onChangeOfSessionCode={[Function]}
    onChangeOfStartTime={[Function]}
    onChangeOfSubject={[Function]}
    onChangeOfTerm={[Function]}
    onKeyDown={[Function]}
    onReset={[Function]}
    onSubmit={[Function]}
    sessionCode="all"
    startTime={1899-01-01T08:00:00.000Z}
    subjects={Array []}
    term={Array []}
  >
    <Blueprint3.FormGroup>
      <div
        className="bp3-form-group"
      >
        <div
          className="bp3-form-content"
        >
          <div
            className="form-grid"
          >
            <div
              className="row"
            >
              <div
                className="col-md-8"
              >
                <div
                  className="row"
                >
                  <div
                    className="col-6"
                  >
                    <div
                      className="form-item"
                    >
                      <SelectListQuarter
                        onChangeOfTerm={[Function]}
                        term={Array []}
                      >
                        <div>
                          <Component
                            htmlFor="term"
                          >
                            <label
                              className="bp3-label"
                              htmlFor="term"
                            >
                              Term
                            </label>
                          </Component>
                          <HTMLSelect
                            className="select-term"
                            id="term"
                            onChange={[Function]}
                            options={Array []}
                          >
                            <div
                              className="bp3-html-select select-term"
                            >
                              <select
                                id="term"
                                multiple={false}
                                onChange={[Function]}
                              />
                              <Blueprint3.Icon
                                icon="double-caret-vertical"
                              >
                                <span
                                  className="bp3-icon bp3-icon-double-caret-vertical"
                                  icon="double-caret-vertical"
                                >
                                  <svg
                                    data-icon="double-caret-vertical"
                                    height={16}
                                    viewBox="0 0 16 16"
                                    width={16}
                                  >
                                    <desc>
                                      double-caret-vertical
                                    </desc>
                                    <path
                                      d="M5 7h6a1.003 1.003 0 0 0 .71-1.71l-3-3C8.53 2.11 8.28 2 8 2s-.53.11-.71.29l-3 3A1.003 1.003 0 0 0 5 7zm6 2H5a1.003 1.003 0 0 0-.71 1.71l3 3c.18.18.43.29.71.29s.53-.11.71-.29l3-3A1.003 1.003 0 0 0 11 9z"
                                      fillRule="evenodd"
                                      key="0"
                                    />
                                  </svg>
                                </span>
                              </Blueprint3.Icon>
                            </div>
                          </HTMLSelect>
                        </div>
                      </SelectListQuarter>
                    </div>
                  </div>
                  <div
                    className="col-6"
                  >
                    <div
                      className="form-item"
                    >
                      <SelectListCampus
                        campus="both"
                        onChangeOfCampus={[Function]}
                      >
                        <Component
                          htmlFor="campus"
                        >
                          <label
                            className="bp3-label"
                            htmlFor="campus"
                          >
                            Campus
                          </label>
                        </Component>
                        <HTMLSelect
                          className="campus-select"
                          onChange={[Function]}
                          options={
                            Array [
                              Object {
                                "className": "both",
                                "label": "Both",
                                "value": "both",
                              },
                              Object {
                                "className": "san-bernardino",
                                "label": "San Bernardino",
                                "value": "san-bernardino",
                              },
                              Object {
                                "className": "palm-desert",
                                "label": "Palm Desert",
                                "value": "palm-desert",
                              },
                            ]
                          }
                          value="both"
                        >
                          <div
                            className="bp3-html-select campus-select"
                          >
                            <select
                              multiple={false}
                              onChange={[Function]}
                              value="both"
                            >
                              <option
                                className="both"
                                key="both"
                                label="Both"
                                value="both"
                              >
                                Both
                              </option>
                              <option
                                className="san-bernardino"
                                key="san-bernardino"
                                label="San Bernardino"
                                value="san-bernardino"
                              >
                                San Bernardino
                              </option>
                              <option
                                className="palm-desert"
                                key="palm-desert"
                                label="Palm Desert"
                                value="palm-desert"
                              >
                                Palm Desert
                              </option>
                            </select>
                            <Blueprint3.Icon
                              icon="double-caret-vertical"
                            >
                              <span
                                className="bp3-icon bp3-icon-double-caret-vertical"
                                icon="double-caret-vertical"
                              >
                                <svg
                                  data-icon="double-caret-vertical"
                                  height={16}
                                  viewBox="0 0 16 16"
                                  width={16}
                                >
                                  <desc>
                                    double-caret-vertical
                                  </desc>
                                  <path
                                    d="M5 7h6a1.003 1.003 0 0 0 .71-1.71l-3-3C8.53 2.11 8.28 2 8 2s-.53.11-.71.29l-3 3A1.003 1.003 0 0 0 5 7zm6 2H5a1.003 1.003 0 0 0-.71 1.71l3 3c.18.18.43.29.71.29s.53-.11.71-.29l3-3A1.003 1.003 0 0 0 11 9z"
                                    fillRule="evenodd"
                                    key="0"
                                  />
                                </svg>
                              </span>
                            </Blueprint3.Icon>
                          </div>
                        </HTMLSelect>
                      </SelectListCampus>
                    </div>
                  </div>
                  <div
                    className="col-6"
                  >
                    <div
                      className="form-item"
                    >
                      <Component
                        htmlFor="subject"
                      >
                        <label
                          className="bp3-label"
                          htmlFor="subject"
                        >
                          Course Subject
                        </label>
                      </Component>
                      <Blueprint3.Suggest
                        className="search-autocomplete"
                        closeOnSelect={true}
                        inputValueRenderer={[Function]}
                        itemPredicate={[Function]}
                        itemRenderer={[Function]}
                        items={Array []}
                        noResults={
                          <Blueprint3.MenuItem
                            disabled={true}
                            multiline={false}
                            popoverProps={Object {}}
                            shouldDismissPopover={true}
                            text="Searching for subject..."
                          />
                        }
                        onItemSelect={[Function]}
                        openOnKeyDown={false}
                        resetOnClose={true}
                      >
                        <Blueprint3.QueryList
                          className="search-autocomplete"
                          closeOnSelect={true}
                          inputValueRenderer={[Function]}
                          itemPredicate={[Function]}
                          itemRenderer={[Function]}
                          items={Array []}
                          noResults={
                            <Blueprint3.MenuItem
                              disabled={true}
                              multiline={false}
                              popoverProps={Object {}}
                              shouldDismissPopover={true}
                              text="Searching for subject..."
                            />
                          }
                          onItemSelect={[Function]}
                          openOnKeyDown={false}
                          renderer={[Function]}
                          resetOnClose={true}
                          resetOnQuery={true}
                        >
                          <Blueprint3.Popover
                            autoFocus={false}
                            boundary="scrollParent"
                            captureDismiss={false}
                            className="search-autocomplete"
                            defaultIsOpen={false}
                            disabled={false}
                            enforceFocus={false}
                            hasBackdrop={false}
                            hoverCloseDelay={300}
                            hoverOpenDelay={150}
                            inheritDarkTheme={true}
                            interactionKind="click"
                            isOpen={false}
                            minimal={false}
                            modifiers={Object {}}
                            onInteraction={[Function]}
                            onOpened={[Function]}
                            onOpening={[Function]}
                            openOnTargetFocus={true}
                            popoverClassName="bp3-select-popover"
                            position="bottom-left"
                            targetTagName="span"
                            transitionDuration={300}
                            usePortal={true}
                            wrapperTagName="span"
                          >
                            <Manager>
                              <span
                                className="bp3-popover-wrapper search-autocomplete"
                              >
                                <Reference
                                  innerRef={[Function]}
                                >
                                  <InnerReference
                                    innerRef={[Function]}
                                    setReferenceNode={[Function]}
                                  >
                                    <Blueprint3.ResizeSensor
                                      onResize={[Function]}
                                    >
                                      <span
                                        className="bp3-popover-target"
                                        onClick={[Function]}
                                      >
                                        <Blueprint3.InputGroup
                                          className=""
                                          inputRef={[Function]}
                                          key=".0"
                                          onChange={[Function]}
                                          onFocus={[Function]}
                                          onKeyDown={[Function]}
                                          onKeyUp={[Function]}
                                          placeholder="Search..."
                                          value=""
                                        >
                                          <div
                                            className="bp3-input-group"
                                          >
                                            <Blueprint3.Icon />
                                            <input
                                              className="bp3-input"
                                              onChange={[Function]}
                                              onFocus={[Function]}
                                              onKeyDown={[Function]}
                                              onKeyUp={[Function]}
                                              placeholder="Search..."
                                              style={
                                                Object {
                                                  "paddingRight": 10,
                                                }
                                              }
                                              type="text"
                                              value=""
                                            />
                                          </div>
                                        </Blueprint3.InputGroup>
                                      </span>
                                    </Blueprint3.ResizeSensor>
                                  </InnerReference>
                                </Reference>
                                <Blueprint3.Overlay
                                  autoFocus={false}
                                  backdropClassName="bp3-popover-backdrop"
                                  backdropProps={Object {}}
                                  canEscapeKeyClose={true}
                                  canOutsideClickClose={true}
                                  enforceFocus={false}
                                  hasBackdrop={false}
                                  isOpen={false}
                                  lazy={true}
                                  onClose={[Function]}
                                  onOpened={[Function]}
                                  onOpening={[Function]}
                                  transitionDuration={300}
                                  transitionName="bp3-popover"
                                  usePortal={true}
                                />
                              </span>
                            </Manager>
                          </Blueprint3.Popover>
                        </Blueprint3.QueryList>
                      </Blueprint3.Suggest>
                    </div>
                  </div>
                  <div
                    className="col-6"
                  >
                    <div
                      className="form-item"
                    >
                      <Component
                        htmlFor="course-number"
                      >
                        <label
                          className="bp3-label"
                          htmlFor="course-number"
                        >
                          Course Number
                        </label>
                      </Component>
                      <input
                        className="course-number"
                        dir="auto"
                        id="course-number"
                        onChange={[Function]}
                        onKeyDown={[Function]}
                        placeholder="E.g. 602"
                        type="text"
                        value=""
                      />
                    </div>
                  </div>
                  <div
                    className="col-md-12"
                  >
                    <ControlGroupMeetingTime
                      endTime={1899-01-02T07:00:00.000Z}
                      onChangeOfEndTime={[Function]}
                      onChangeOfStartTime={[Function]}
                      startTime={1899-01-01T08:00:00.000Z}
                    >
                      <Blueprint3.ControlGroup
                        className="meeting-time row"
                      >
                        <div
                          className="bp3-control-group meeting-time row"
                        >
                          <div
                            className="col-6"
                          >
                            <Component
                              htmlFor="start-time"
                            >
                              <label
                                className="bp3-label"
                                htmlFor="start-time"
                              >
                                Meeting Start Time
                              </label>
                            </Component>
                            <Blueprint3.TimePicker
                              className="start-time"
                              disabled={false}
                              maxTime={1900-01-01T07:59:59.999Z}
                              minTime={1899-12-31T08:00:00.000Z}
                              onChange={[Function]}
                              precision="minute"
                              selectAllOnFocus={true}
                              showArrowButtons={false}
                              useAmPm={true}
                              value={1899-01-01T08:00:00.000Z}
                            >
                              <div
                                className="bp3-timepicker start-time"
                              >
                                <div
                                  className="bp3-timepicker-arrow-row"
                                />
                                <div
                                  className="bp3-timepicker-input-row"
                                >
                                  <input
                                    className="bp3-timepicker-input bp3-timepicker-hour"
                                    disabled={false}
                                    onBlur={[Function]}
                                    onChange={[Function]}
                                    onFocus={[Function]}
                                    onKeyDown={[Function]}
                                    value="12"
                                  />
                                  <span
                                    className="bp3-timepicker-divider-text"
                                  >
                                    :
                                  </span>
                                  <input
                                    className="bp3-timepicker-input bp3-timepicker-minute"
                                    disabled={false}
                                    onBlur={[Function]}
                                    onChange={[Function]}
                                    onFocus={[Function]}
                                    onKeyDown={[Function]}
                                    value="00"
                                  />
                                </div>
                                <HTMLSelect
                                  className="bp3-timepicker-ampm-select"
                                  disabled={false}
                                  onChange={[Function]}
                                  value="am"
                                >
                                  <div
                                    className="bp3-html-select bp3-timepicker-ampm-select"
                                  >
                                    <select
                                      disabled={false}
                                      multiple={false}
                                      onChange={[Function]}
                                      value="am"
                                    >
                                      <option
                                        value="am"
                                      >
                                        AM
                                      </option>
                                      <option
                                        value="pm"
                                      >
                                        PM
                                      </option>
                                    </select>
                                    <Blueprint3.Icon
                                      icon="double-caret-vertical"
                                    >
                                      <span
                                        className="bp3-icon bp3-icon-double-caret-vertical"
                                        icon="double-caret-vertical"
                                      >
                                        <svg
                                          data-icon="double-caret-vertical"
                                          height={16}
                                          viewBox="0 0 16 16"
                                          width={16}
                                        >
                                          <desc>
                                            double-caret-vertical
                                          </desc>
                                          <path
                                            d="M5 7h6a1.003 1.003 0 0 0 .71-1.71l-3-3C8.53 2.11 8.28 2 8 2s-.53.11-.71.29l-3 3A1.003 1.003 0 0 0 5 7zm6 2H5a1.003 1.003 0 0 0-.71 1.71l3 3c.18.18.43.29.71.29s.53-.11.71-.29l3-3A1.003 1.003 0 0 0 11 9z"
                                            fillRule="evenodd"
                                            key="0"
                                          />
                                        </svg>
                                      </span>
                                    </Blueprint3.Icon>
                                  </div>
                                </HTMLSelect>
                                <div
                                  className="bp3-timepicker-arrow-row"
                                />
                              </div>
                            </Blueprint3.TimePicker>
                          </div>
                          <div
                            className="col-6"
                          >
                            <Component>
                              <label
                                className="bp3-label"
                              >
                                Meeting End Time
                              </label>
                            </Component>
                            <Blueprint3.TimePicker
                              className="end-time"
                              disabled={false}
                              maxTime={1900-01-01T07:59:59.999Z}
                              minTime={1899-12-31T08:00:00.000Z}
                              onChange={[Function]}
                              precision="minute"
                              selectAllOnFocus={true}
                              showArrowButtons={false}
                              useAmPm={true}
                              value={1899-01-02T07:00:00.000Z}
                            >
                              <div
                                className="bp3-timepicker end-time"
                              >
                                <div
                                  className="bp3-timepicker-arrow-row"
                                />
                                <div
                                  className="bp3-timepicker-input-row"
                                >
                                  <input
                                    className="bp3-timepicker-input bp3-timepicker-hour"
                                    disabled={false}
                                    onBlur={[Function]}
                                    onChange={[Function]}
                                    onFocus={[Function]}
                                    onKeyDown={[Function]}
                                    value="11"
                                  />
                                  <span
                                    className="bp3-timepicker-divider-text"
                                  >
                                    :
                                  </span>
                                  <input
                                    className="bp3-timepicker-input bp3-timepicker-minute"
                                    disabled={false}
                                    onBlur={[Function]}
                                    onChange={[Function]}
                                    onFocus={[Function]}
                                    onKeyDown={[Function]}
                                    value="00"
                                  />
                                </div>
                                <HTMLSelect
                                  className="bp3-timepicker-ampm-select"
                                  disabled={false}
                                  onChange={[Function]}
                                  value="pm"
                                >
                                  <div
                                    className="bp3-html-select bp3-timepicker-ampm-select"
                                  >
                                    <select
                                      disabled={false}
                                      multiple={false}
                                      onChange={[Function]}
                                      value="pm"
                                    >
                                      <option
                                        value="am"
                                      >
                                        AM
                                      </option>
                                      <option
                                        value="pm"
                                      >
                                        PM
                                      </option>
                                    </select>
                                    <Blueprint3.Icon
                                      icon="double-caret-vertical"
                                    >
                                      <span
                                        className="bp3-icon bp3-icon-double-caret-vertical"
                                        icon="double-caret-vertical"
                                      >
                                        <svg
                                          data-icon="double-caret-vertical"
                                          height={16}
                                          viewBox="0 0 16 16"
                                          width={16}
                                        >
                                          <desc>
                                            double-caret-vertical
                                          </desc>
                                          <path
                                            d="M5 7h6a1.003 1.003 0 0 0 .71-1.71l-3-3C8.53 2.11 8.28 2 8 2s-.53.11-.71.29l-3 3A1.003 1.003 0 0 0 5 7zm6 2H5a1.003 1.003 0 0 0-.71 1.71l3 3c.18.18.43.29.71.29s.53-.11.71-.29l3-3A1.003 1.003 0 0 0 11 9z"
                                            fillRule="evenodd"
                                            key="0"
                                          />
                                        </svg>
                                      </span>
                                    </Blueprint3.Icon>
                                  </div>
                                </HTMLSelect>
                                <div
                                  className="bp3-timepicker-arrow-row"
                                />
                              </div>
                            </Blueprint3.TimePicker>
                          </div>
                        </div>
                      </Blueprint3.ControlGroup>
                    </ControlGroupMeetingTime>
                  </div>
                  <div
                    className="col-6"
                  >
                    <div
                      className="form-item"
                    >
                      <Component
                        htmlFor="instructor"
                      >
                        <label
                          className="bp3-label"
                          htmlFor="instructor"
                        >
                          Instructor
                        </label>
                      </Component>
                      <Blueprint3.Suggest
                        className="search-instructor-autocomplete"
                        closeOnSelect={true}
                        inputValueRenderer={[Function]}
                        itemPredicate={[Function]}
                        itemRenderer={[Function]}
                        items={Array []}
                        noResults={
                          <Blueprint3.MenuItem
                            disabled={true}
                            multiline={false}
                            popoverProps={Object {}}
                            shouldDismissPopover={true}
                            text="Searching for instructor..."
                          />
                        }
                        onItemSelect={[Function]}
                        openOnKeyDown={false}
                        resetOnClose={true}
                      >
                        <Blueprint3.QueryList
                          className="search-instructor-autocomplete"
                          closeOnSelect={true}
                          inputValueRenderer={[Function]}
                          itemPredicate={[Function]}
                          itemRenderer={[Function]}
                          items={Array []}
                          noResults={
                            <Blueprint3.MenuItem
                              disabled={true}
                              multiline={false}
                              popoverProps={Object {}}
                              shouldDismissPopover={true}
                              text="Searching for instructor..."
                            />
                          }
                          onItemSelect={[Function]}
                          openOnKeyDown={false}
                          renderer={[Function]}
                          resetOnClose={true}
                          resetOnQuery={true}
                        >
                          <Blueprint3.Popover
                            autoFocus={false}
                            boundary="scrollParent"
                            captureDismiss={false}
                            className="search-instructor-autocomplete"
                            defaultIsOpen={false}
                            disabled={false}
                            enforceFocus={false}
                            hasBackdrop={false}
                            hoverCloseDelay={300}
                            hoverOpenDelay={150}
                            inheritDarkTheme={true}
                            interactionKind="click"
                            isOpen={false}
                            minimal={false}
                            modifiers={Object {}}
                            onInteraction={[Function]}
                            onOpened={[Function]}
                            onOpening={[Function]}
                            openOnTargetFocus={true}
                            popoverClassName="bp3-select-popover"
                            position="bottom-left"
                            targetTagName="span"
                            transitionDuration={300}
                            usePortal={true}
                            wrapperTagName="span"
                          >
                            <Manager>
                              <span
                                className="bp3-popover-wrapper search-instructor-autocomplete"
                              >
                                <Reference
                                  innerRef={[Function]}
                                >
                                  <InnerReference
                                    innerRef={[Function]}
                                    setReferenceNode={[Function]}
                                  >
                                    <Blueprint3.ResizeSensor
                                      onResize={[Function]}
                                    >
                                      <span
                                        className="bp3-popover-target"
                                        onClick={[Function]}
                                      >
                                        <Blueprint3.InputGroup
                                          className=""
                                          inputRef={[Function]}
                                          key=".0"
                                          onChange={[Function]}
                                          onFocus={[Function]}
                                          onKeyDown={[Function]}
                                          onKeyUp={[Function]}
                                          placeholder="Search..."
                                          value=""
                                        >
                                          <div
                                            className="bp3-input-group"
                                          >
                                            <Blueprint3.Icon />
                                            <input
                                              className="bp3-input"
                                              onChange={[Function]}
                                              onFocus={[Function]}
                                              onKeyDown={[Function]}
                                              onKeyUp={[Function]}
                                              placeholder="Search..."
                                              style={
                                                Object {
                                                  "paddingRight": 10,
                                                }
                                              }
                                              type="text"
                                              value=""
                                            />
                                          </div>
                                        </Blueprint3.InputGroup>
                                      </span>
                                    </Blueprint3.ResizeSensor>
                                  </InnerReference>
                                </Reference>
                                <Blueprint3.Overlay
                                  autoFocus={false}
                                  backdropClassName="bp3-popover-backdrop"
                                  backdropProps={Object {}}
                                  canEscapeKeyClose={true}
                                  canOutsideClickClose={true}
                                  enforceFocus={false}
                                  hasBackdrop={false}
                                  isOpen={false}
                                  lazy={true}
                                  onClose={[Function]}
                                  onOpened={[Function]}
                                  onOpening={[Function]}
                                  transitionDuration={300}
                                  transitionName="bp3-popover"
                                  usePortal={true}
                                />
                              </span>
                            </Manager>
                          </Blueprint3.Popover>
                        </Blueprint3.QueryList>
                      </Blueprint3.Suggest>
                    </div>
                  </div>
                  <div
                    className="col-6"
                  >
                    <div
                      className="form-item"
                    >
                      <SelectListInstructionMode
                        instructionMode="all"
                        onChangeOfInstructionMode={[Function]}
                      >
                        <Component>
                          <label
                            className="bp3-label"
                          >
                            Instruction Mode
                          </label>
                        </Component>
                        <HTMLSelect
                          className="select-instruction-mode"
                          onChange={[Function]}
                          options={
                            Array [
                              Object {
                                "label": "All",
                                "value": "all",
                              },
                              Object {
                                "label": "Classroom",
                                "value": "p",
                              },
                              Object {
                                "label": "Online",
                                "value": "ol",
                              },
                              Object {
                                "label": "Online CourseMatch Instruction",
                                "value": "cm",
                              },
                              Object {
                                "label": "Online Asynchronous and/or Synchronous Instruction (in compliance with AB386)",
                                "value": "fo",
                              },
                              Object {
                                "label": "Hybrid Online Asynchronous and Synchronous Instruction",
                                "value": "ho",
                              },
                              Object {
                                "label": "Hybrid Classroom and Online Instruction",
                                "value": "hc",
                              },
                              Object {
                                "label": "Off-Campus ",
                                "value": "oc",
                              },
                              Object {
                                "label": "Televised Instruction (origination site)",
                                "value": "to",
                              },
                              Object {
                                "label": "Televised Instruction (receiving site)",
                                "value": "tr",
                              },
                            ]
                          }
                          value="all"
                        >
                          <div
                            className="bp3-html-select select-instruction-mode"
                          >
                            <select
                              multiple={false}
                              onChange={[Function]}
                              value="all"
                            >
                              <option
                                key="all"
                                label="All"
                                value="all"
                              >
                                All
                              </option>
                              <option
                                key="p"
                                label="Classroom"
                                value="p"
                              >
                                Classroom
                              </option>
                              <option
                                key="ol"
                                label="Online"
                                value="ol"
                              >
                                Online
                              </option>
                              <option
                                key="cm"
                                label="Online CourseMatch Instruction"
                                value="cm"
                              >
                                Online CourseMatch Instruction
                              </option>
                              <option
                                key="fo"
                                label="Online Asynchronous and/or Synchronous Instruction (in compliance with AB386)"
                                value="fo"
                              >
                                Online Asynchronous and/or Synchronous Instruction (in compliance with AB386)
                              </option>
                              <option
                                key="ho"
                                label="Hybrid Online Asynchronous and Synchronous Instruction"
                                value="ho"
                              >
                                Hybrid Online Asynchronous and Synchronous Instruction
                              </option>
                              <option
                                key="hc"
                                label="Hybrid Classroom and Online Instruction"
                                value="hc"
                              >
                                Hybrid Classroom and Online Instruction
                              </option>
                              <option
                                key="oc"
                                label="Off-Campus "
                                value="oc"
                              >
                                Off-Campus 
                              </option>
                              <option
                                key="to"
                                label="Televised Instruction (origination site)"
                                value="to"
                              >
                                Televised Instruction (origination site)
                              </option>
                              <option
                                key="tr"
                                label="Televised Instruction (receiving site)"
                                value="tr"
                              >
                                Televised Instruction (receiving site)
                              </option>
                            </select>
                            <Blueprint3.Icon
                              icon="double-caret-vertical"
                            >
                              <span
                                className="bp3-icon bp3-icon-double-caret-vertical"
                                icon="double-caret-vertical"
                              >
                                <svg
                                  data-icon="double-caret-vertical"
                                  height={16}
                                  viewBox="0 0 16 16"
                                  width={16}
                                >
                                  <desc>
                                    double-caret-vertical
                                  </desc>
                                  <path
                                    d="M5 7h6a1.003 1.003 0 0 0 .71-1.71l-3-3C8.53 2.11 8.28 2 8 2s-.53.11-.71.29l-3 3A1.003 1.003 0 0 0 5 7zm6 2H5a1.003 1.003 0 0 0-.71 1.71l3 3c.18.18.43.29.71.29s.53-.11.71-.29l3-3A1.003 1.003 0 0 0 11 9z"
                                    fillRule="evenodd"
                                    key="0"
                                  />
                                </svg>
                              </span>
                            </Blueprint3.Icon>
                          </div>
                        </HTMLSelect>
                      </SelectListInstructionMode>
                    </div>
                  </div>
                </div>
              </div>
              <div
                className="col-md-4"
              >
                <div
                  className="form-item"
                >
                  <ControlGroupMeetingDay
                    meetingDate={
                      Object {
                        "fri": false,
                        "mon": false,
                        "sat": false,
                        "sun": false,
                        "thu": false,
                        "tue": false,
                        "wed": false,
                      }
                    }
                    onChangeOfMeetingDate={[Function]}
                    onKeyDown={[Function]}
                  >
                    <Blueprint3.ControlGroup
                      className="meeting-day"
                      fill={true}
                      vertical={false}
                    >
                      <div
                        className="bp3-control-group bp3-fill meeting-day"
                      >
                        <div
                          className="label"
                        >
                          Course Meeting Day
                        </div>
                        <div
                          id="meeting-day"
                        >
                          <div
                            className="form-item"
                          >
                            <Blueprint3.Checkbox
                              alignIndicator="left"
                              checked={false}
                              className="mon"
                              id="mon"
                              inline={true}
                              label="Monday"
                              onChange={[Function]}
                              onKeyDown={[Function]}
                              value="mon"
                            >
                              <Control
                                alignIndicator="left"
                                checked={false}
                                className="mon"
                                id="mon"
                                inline={true}
                                inputRef={[Function]}
                                label="Monday"
                                onChange={[Function]}
                                onKeyDown={[Function]}
                                type="checkbox"
                                typeClassName="bp3-checkbox"
                                value="mon"
                              >
                                <label
                                  className="bp3-control bp3-checkbox bp3-inline bp3-align-left mon"
                                >
                                  <input
                                    checked={false}
                                    id="mon"
                                    onChange={[Function]}
                                    onKeyDown={[Function]}
                                    type="checkbox"
                                    value="mon"
                                  />
                                  <span
                                    className="bp3-control-indicator"
                                  />
                                  Monday
                                </label>
                              </Control>
                            </Blueprint3.Checkbox>
                          </div>
                          <div
                            className="form-item"
                          >
                            <Blueprint3.Checkbox
                              alignIndicator="left"
                              checked={false}
                              className="tue"
                              id="tue"
                              inline={true}
                              label="Tuesday"
                              onChange={[Function]}
                              onKeyDown={[Function]}
                              value="tue"
                            >
                              <Control
                                alignIndicator="left"
                                checked={false}
                                className="tue"
                                id="tue"
                                inline={true}
                                inputRef={[Function]}
                                label="Tuesday"
                                onChange={[Function]}
                                onKeyDown={[Function]}
                                type="checkbox"
                                typeClassName="bp3-checkbox"
                                value="tue"
                              >
                                <label
                                  className="bp3-control bp3-checkbox bp3-inline bp3-align-left tue"
                                >
                                  <input
                                    checked={false}
                                    id="tue"
                                    onChange={[Function]}
                                    onKeyDown={[Function]}
                                    type="checkbox"
                                    value="tue"
                                  />
                                  <span
                                    className="bp3-control-indicator"
                                  />
                                  Tuesday
                                </label>
                              </Control>
                            </Blueprint3.Checkbox>
                          </div>
                          <div
                            className="form-item"
                          >
                            <Blueprint3.Checkbox
                              alignIndicator="left"
                              checked={false}
                              className="wed"
                              id="wed"
                              inline={true}
                              label="Wednesday"
                              onChange={[Function]}
                              onKeyDown={[Function]}
                              value="wed"
                            >
                              <Control
                                alignIndicator="left"
                                checked={false}
                                className="wed"
                                id="wed"
                                inline={true}
                                inputRef={[Function]}
                                label="Wednesday"
                                onChange={[Function]}
                                onKeyDown={[Function]}
                                type="checkbox"
                                typeClassName="bp3-checkbox"
                                value="wed"
                              >
                                <label
                                  className="bp3-control bp3-checkbox bp3-inline bp3-align-left wed"
                                >
                                  <input
                                    checked={false}
                                    id="wed"
                                    onChange={[Function]}
                                    onKeyDown={[Function]}
                                    type="checkbox"
                                    value="wed"
                                  />
                                  <span
                                    className="bp3-control-indicator"
                                  />
                                  Wednesday
                                </label>
                              </Control>
                            </Blueprint3.Checkbox>
                          </div>
                          <div
                            className="form-item"
                          >
                            <Blueprint3.Checkbox
                              alignIndicator="left"
                              checked={false}
                              className="thu"
                              id="thu"
                              inline={true}
                              label="Thursday"
                              onChange={[Function]}
                              onKeyDown={[Function]}
                              value="thu"
                            >
                              <Control
                                alignIndicator="left"
                                checked={false}
                                className="thu"
                                id="thu"
                                inline={true}
                                inputRef={[Function]}
                                label="Thursday"
                                onChange={[Function]}
                                onKeyDown={[Function]}
                                type="checkbox"
                                typeClassName="bp3-checkbox"
                                value="thu"
                              >
                                <label
                                  className="bp3-control bp3-checkbox bp3-inline bp3-align-left thu"
                                >
                                  <input
                                    checked={false}
                                    id="thu"
                                    onChange={[Function]}
                                    onKeyDown={[Function]}
                                    type="checkbox"
                                    value="thu"
                                  />
                                  <span
                                    className="bp3-control-indicator"
                                  />
                                  Thursday
                                </label>
                              </Control>
                            </Blueprint3.Checkbox>
                          </div>
                          <div
                            className="form-item"
                          >
                            <Blueprint3.Checkbox
                              alignIndicator="left"
                              checked={false}
                              className="fri"
                              id="fri"
                              inline={true}
                              label="Friday"
                              onChange={[Function]}
                              onKeyDown={[Function]}
                              value="fri"
                            >
                              <Control
                                alignIndicator="left"
                                checked={false}
                                className="fri"
                                id="fri"
                                inline={true}
                                inputRef={[Function]}
                                label="Friday"
                                onChange={[Function]}
                                onKeyDown={[Function]}
                                type="checkbox"
                                typeClassName="bp3-checkbox"
                                value="fri"
                              >
                                <label
                                  className="bp3-control bp3-checkbox bp3-inline bp3-align-left fri"
                                >
                                  <input
                                    checked={false}
                                    id="fri"
                                    onChange={[Function]}
                                    onKeyDown={[Function]}
                                    type="checkbox"
                                    value="fri"
                                  />
                                  <span
                                    className="bp3-control-indicator"
                                  />
                                  Friday
                                </label>
                              </Control>
                            </Blueprint3.Checkbox>
                          </div>
                          <div
                            className="form-item"
                          >
                            <Blueprint3.Checkbox
                              alignIndicator="left"
                              checked={false}
                              className="sat"
                              id="sat"
                              inline={true}
                              label="Saturday"
                              onChange={[Function]}
                              onKeyDown={[Function]}
                              value="sat"
                            >
                              <Control
                                alignIndicator="left"
                                checked={false}
                                className="sat"
                                id="sat"
                                inline={true}
                                inputRef={[Function]}
                                label="Saturday"
                                onChange={[Function]}
                                onKeyDown={[Function]}
                                type="checkbox"
                                typeClassName="bp3-checkbox"
                                value="sat"
                              >
                                <label
                                  className="bp3-control bp3-checkbox bp3-inline bp3-align-left sat"
                                >
                                  <input
                                    checked={false}
                                    id="sat"
                                    onChange={[Function]}
                                    onKeyDown={[Function]}
                                    type="checkbox"
                                    value="sat"
                                  />
                                  <span
                                    className="bp3-control-indicator"
                                  />
                                  Saturday
                                </label>
                              </Control>
                            </Blueprint3.Checkbox>
                          </div>
                          <div
                            className="form-item"
                          >
                            <Blueprint3.Checkbox
                              alignIndicator="left"
                              checked={false}
                              className="sun"
                              id="sun"
                              inline={true}
                              label="Sunday"
                              onChange={[Function]}
                              onKeyDown={[Function]}
                              value="sun"
                            >
                              <Control
                                alignIndicator="left"
                                checked={false}
                                className="sun"
                                id="sun"
                                inline={true}
                                inputRef={[Function]}
                                label="Sunday"
                                onChange={[Function]}
                                onKeyDown={[Function]}
                                type="checkbox"
                                typeClassName="bp3-checkbox"
                                value="sun"
                              >
                                <label
                                  className="bp3-control bp3-checkbox bp3-inline bp3-align-left sun"
                                >
                                  <input
                                    checked={false}
                                    id="sun"
                                    onChange={[Function]}
                                    onKeyDown={[Function]}
                                    type="checkbox"
                                    value="sun"
                                  />
                                  <span
                                    className="bp3-control-indicator"
                                  />
                                  Sunday
                                </label>
                              </Control>
                            </Blueprint3.Checkbox>
                          </div>
                        </div>
                      </div>
                    </Blueprint3.ControlGroup>
                  </ControlGroupMeetingDay>
                </div>
              </div>
            </div>
            <div
              className="row"
            >
              <div
                className="col-md-12"
              >
                <div
                  className="form-item"
                >
                  <AdvancedFilterFieldset
                    classNo=""
                    courseAttr="all"
                    geClassesAttribute=""
                    geClassesAttributes={Array []}
                    onChangeOfClassNo={[Function]}
                    onChangeOfCourseAttr={[Function]}
                    onChangeOfGeClassesAttributes={[Function]}
                    onChangeOfSessionCode={[Function]}
                    onKeyDown={[Function]}
                    sessionCode="all"
                  >
                    <a
                      id="additional-filters"
                      onClick={[Function]}
                    >
                       Additional Filters 
                      <i
                        className="fal fa-chevron-down"
                      />
                    </a>
                    <Blueprint3.Collapse
                      component="div"
                      isOpen={false}
                      keepChildrenMounted={false}
                      transitionDuration={200}
                    >
                      <div
                        className="bp3-collapse"
                        style={
                          Object {
                            "height": undefined,
                            "overflowY": undefined,
                            "transition": undefined,
                          }
                        }
                      >
                        <div
                          aria-hidden={false}
                          className="bp3-collapse-body"
                          style={
                            Object {
                              "transform": "translateY(-0px)",
                              "transition": undefined,
                            }
                          }
                        />
                      </div>
                    </Blueprint3.Collapse>
                  </AdvancedFilterFieldset>
                </div>
              </div>
            </div>
            <div
              className="row"
            >
              <div
                className="col-md-12"
              >
                <div
                  className="form-item"
                >
                  <div
                    className="form-buttons"
                  >
                    <Blueprint3.Button
                      className="btn btn-primary btn-solid"
                      onClick={[Function]}
                      text="Submit"
                      type="submit"
                    >
                      <button
                        className="bp3-button btn btn-primary btn-solid"
                        onClick={[Function]}
                        onKeyDown={[Function]}
                        onKeyUp={[Function]}
                        type="submit"
                      >
                        <Blueprint3.Icon
                          key="leftIcon"
                        />
                        <span
                          className="bp3-button-text"
                          key="text"
                        >
                          Submit
                        </span>
                        <Blueprint3.Icon
                          key="rightIcon"
                        />
                      </button>
                    </Blueprint3.Button>
                    <Blueprint3.Button
                      className="btn btn-secondary btn-solid"
                      onClick={[Function]}
                      text="Reset"
                      type="reset"
                    >
                      <button
                        className="bp3-button btn btn-secondary btn-solid"
                        onClick={[Function]}
                        onKeyDown={[Function]}
                        onKeyUp={[Function]}
                        type="reset"
                      >
                        <Blueprint3.Icon
                          key="leftIcon"
                        />
                        <span
                          className="bp3-button-text"
                          key="text"
                        >
                          Reset
                        </span>
                        <Blueprint3.Icon
                          key="rightIcon"
                        />
                      </button>
                    </Blueprint3.Button>
                  </div>
                </div>
              </div>
            </div>
          </div>
        </div>
      </div>
    </Blueprint3.FormGroup>
  </ClassSearchForm>
</div>
`;
