// Jest Snapshot v1, https://goo.gl/fbAQLP

exports[`Export to Excel component snapshot 1`] = `
<ExportToExcel
  classes={
    Array [
      Object {
        "amount": 0,
        "buildingCode": "COE",
        "campus": "MAIN",
        "catalogNo": "101",
        "classEndTime": "1:50 PM",
        "classMeetingNo": 1,
        "classNumber": 101,
        "classSection": "01",
        "classStartTime": "12:00 PM",
        "classStatus": "Active",
        "courseAttr": "",
        "courseAttrDescription": "",
        "courseId": "000001",
        "csuUnits": 4,
        "degreeType": "PBAC",
        "description": "ACCT GOVT & NONPROFIT ORG",
        "employeeId": "001343367",
        "enrolledCapacity": 30,
        "enrolledTotal": 28,
        "enrollmentStatus": "",
        "facilityId": "JB0113",
        "fee": "0",
        "fri": "N",
        "fullSsrComponent": "",
        "geCourseAttr": "",
        "instructionMode": "P",
        "instructorName": "Dyck, Harold",
        "mon": "Y",
        "quarter": "2194",
        "room": "101",
        "sat": "N",
        "sessionCode": "1",
        "ssrComponent": "SEM",
        "subject": "ACCT",
        "sun": "N",
        "textbook": "",
        "thurs": "N",
        "title": "Introduction to Accounting",
        "topic": "",
        "tues": "N",
        "waitlistCapacity": 100,
        "waitlistTotal": 1,
        "wed": "Y",
      },
      Object {
        "amount": 0,
        "buildingCode": "PF",
        "campus": "PALM",
        "catalogNo": "201",
        "classEndTime": "7:50 PM",
        "classMeetingNo": 1,
        "classNumber": 102,
        "classSection": "01",
        "classStartTime": "6:00 PM",
        "classStatus": "Active",
        "courseAttr": "",
        "courseAttrDescription": "",
        "courseId": "000001",
        "csuUnits": 4,
        "degreeType": "EXED",
        "description": "ACCT GOVT & NONPROFIT ORG",
        "employeeId": "001343367",
        "enrolledCapacity": 30,
        "enrolledTotal": 28,
        "enrollmentStatus": "",
        "facilityId": "JB0113",
        "fee": "0",
        "fri": "N",
        "fullSsrComponent": "",
        "geCourseAttr": "",
        "instructionMode": "P",
        "instructorName": "Coates, Breena",
        "mon": "N",
        "quarter": "2192",
        "room": "101",
        "sat": "N",
        "sessionCode": "1",
        "ssrComponent": "SEM",
        "subject": "ECON",
        "sun": "N",
        "textbook": "",
        "thurs": "Y",
        "title": "",
        "topic": "",
        "tues": "Y",
        "waitlistCapacity": 100,
        "waitlistTotal": 1,
        "wed": "N",
      },
    ]
  }
>
  <div
    className="text-align-right"
  >
    <button
      className="btn-utility"
      id="export-to-excel"
      onClick={[Function]}
    >
      <i
        className="fas fa-file-download"
      />
      Export to Excel
    </button>
  </div>
</ExportToExcel>
`;
