// Jest Snapshot v1, https://goo.gl/fbAQLP

exports[`test radio group instruction mode component snapshot 1`] = `
<RadioGroupInstructionMode
  instructionMode="both"
  onChangeOfInstructionMode={[MockFunction]}
>
  <Blueprint3.RadioGroup
    label="Instruction Mode"
    onChange={[Function]}
    selectedValue="both"
  >
    <div>
      <label
        className="bp3-label"
      >
        Instruction Mode
      </label>
      <Blueprint3.Radio
        checked={false}
        className="all-instruction-mode"
        key=".0"
        label="All"
        name="Blueprint3.RadioGroup-3"
        onChange={[Function]}
        value="all"
      >
        <Control
          checked={false}
          className="all-instruction-mode"
          label="All"
          name="Blueprint3.RadioGroup-3"
          onChange={[Function]}
          type="radio"
          typeClassName="bp3-radio"
          value="all"
        >
          <label
            className="bp3-control bp3-radio all-instruction-mode"
          >
            <input
              checked={false}
              name="Blueprint3.RadioGroup-3"
              onChange={[Function]}
              type="radio"
              value="all"
            />
            <span
              className="bp3-control-indicator"
            />
            All
          </label>
        </Control>
      </Blueprint3.Radio>
      <Blueprint3.Radio
        checked={false}
        className="classroom"
        key=".1"
        label="Classroom"
        name="Blueprint3.RadioGroup-3"
        onChange={[Function]}
        value="p"
      >
        <Control
          checked={false}
          className="classroom"
          label="Classroom"
          name="Blueprint3.RadioGroup-3"
          onChange={[Function]}
          type="radio"
          typeClassName="bp3-radio"
          value="p"
        >
          <label
            className="bp3-control bp3-radio classroom"
          >
            <input
              checked={false}
              name="Blueprint3.RadioGroup-3"
              onChange={[Function]}
              type="radio"
              value="p"
            />
            <span
              className="bp3-control-indicator"
            />
            Classroom
          </label>
        </Control>
      </Blueprint3.Radio>
      <Blueprint3.Radio
        checked={false}
        className="online"
        key=".2"
        label="Online"
        name="Blueprint3.RadioGroup-3"
        onChange={[Function]}
        value="ol"
      >
        <Control
          checked={false}
          className="online"
          label="Online"
          name="Blueprint3.RadioGroup-3"
          onChange={[Function]}
          type="radio"
          typeClassName="bp3-radio"
          value="ol"
        >
          <label
            className="bp3-control bp3-radio online"
          >
            <input
              checked={false}
              name="Blueprint3.RadioGroup-3"
              onChange={[Function]}
              type="radio"
              value="ol"
            />
            <span
              className="bp3-control-indicator"
            />
            Online
          </label>
        </Control>
      </Blueprint3.Radio>
      <Blueprint3.Radio
        checked={false}
        className="cm"
        key=".3"
        label="Online CourseMatch Instruction"
        name="Blueprint3.RadioGroup-3"
        onChange={[Function]}
        value="cm"
      >
        <Control
          checked={false}
          className="cm"
          label="Online CourseMatch Instruction"
          name="Blueprint3.RadioGroup-3"
          onChange={[Function]}
          type="radio"
          typeClassName="bp3-radio"
          value="cm"
        >
          <label
            className="bp3-control bp3-radio cm"
          >
            <input
              checked={false}
              name="Blueprint3.RadioGroup-3"
              onChange={[Function]}
              type="radio"
              value="cm"
            />
            <span
              className="bp3-control-indicator"
            />
            Online CourseMatch Instruction
          </label>
        </Control>
      </Blueprint3.Radio>
      <Blueprint3.Radio
        checked={false}
        className="online-auto"
        key=".4"
        label="Online Asynchronous and/or Synchronous Instruction (in compliance with AB386)"
        name="Blueprint3.RadioGroup-3"
        onChange={[Function]}
        value="fo"
      >
        <Control
          checked={false}
          className="online-auto"
          label="Online Asynchronous and/or Synchronous Instruction (in compliance with AB386)"
          name="Blueprint3.RadioGroup-3"
          onChange={[Function]}
          type="radio"
          typeClassName="bp3-radio"
          value="fo"
        >
          <label
            className="bp3-control bp3-radio online-auto"
          >
            <input
              checked={false}
              name="Blueprint3.RadioGroup-3"
              onChange={[Function]}
              type="radio"
              value="fo"
            />
            <span
              className="bp3-control-indicator"
            />
            Online Asynchronous and/or Synchronous Instruction (in compliance with AB386)
          </label>
        </Control>
      </Blueprint3.Radio>
      <Blueprint3.Radio
        checked={false}
        className="hybrid-online"
        key=".5"
        label="Hybrid Online Asynchronous and Synchronous Instruction"
        name="Blueprint3.RadioGroup-3"
        onChange={[Function]}
        value="ho"
      >
        <Control
          checked={false}
          className="hybrid-online"
          label="Hybrid Online Asynchronous and Synchronous Instruction"
          name="Blueprint3.RadioGroup-3"
          onChange={[Function]}
          type="radio"
          typeClassName="bp3-radio"
          value="ho"
        >
          <label
            className="bp3-control bp3-radio hybrid-online"
          >
            <input
              checked={false}
              name="Blueprint3.RadioGroup-3"
              onChange={[Function]}
              type="radio"
              value="ho"
            />
            <span
              className="bp3-control-indicator"
            />
            Hybrid Online Asynchronous and Synchronous Instruction
          </label>
        </Control>
      </Blueprint3.Radio>
      <Blueprint3.Radio
        checked={false}
        className="hybrid-classroom"
        key=".6"
        label="Hybrid Classroom and Online Instruction"
        name="Blueprint3.RadioGroup-3"
        onChange={[Function]}
        value="hc"
      >
        <Control
          checked={false}
          className="hybrid-classroom"
          label="Hybrid Classroom and Online Instruction"
          name="Blueprint3.RadioGroup-3"
          onChange={[Function]}
          type="radio"
          typeClassName="bp3-radio"
          value="hc"
        >
          <label
            className="bp3-control bp3-radio hybrid-classroom"
          >
            <input
              checked={false}
              name="Blueprint3.RadioGroup-3"
              onChange={[Function]}
              type="radio"
              value="hc"
            />
            <span
              className="bp3-control-indicator"
            />
            Hybrid Classroom and Online Instruction
          </label>
        </Control>
      </Blueprint3.Radio>
      <Blueprint3.Radio
        checked={false}
        className="off-campus"
        key=".7"
        label="Off-Campus "
        name="Blueprint3.RadioGroup-3"
        onChange={[Function]}
        value="oc"
      >
        <Control
          checked={false}
          className="off-campus"
          label="Off-Campus "
          name="Blueprint3.RadioGroup-3"
          onChange={[Function]}
          type="radio"
          typeClassName="bp3-radio"
          value="oc"
        >
          <label
            className="bp3-control bp3-radio off-campus"
          >
            <input
              checked={false}
              name="Blueprint3.RadioGroup-3"
              onChange={[Function]}
              type="radio"
              value="oc"
            />
            <span
              className="bp3-control-indicator"
            />
            Off-Campus 
          </label>
        </Control>
      </Blueprint3.Radio>
      <Blueprint3.Radio
        checked={false}
        className="television-instruction-to"
        key=".8"
        label="Televised Instruction (origination site)"
        name="Blueprint3.RadioGroup-3"
        onChange={[Function]}
        value="to"
      >
        <Control
          checked={false}
          className="television-instruction-to"
          label="Televised Instruction (origination site)"
          name="Blueprint3.RadioGroup-3"
          onChange={[Function]}
          type="radio"
          typeClassName="bp3-radio"
          value="to"
        >
          <label
            className="bp3-control bp3-radio television-instruction-to"
          >
            <input
              checked={false}
              name="Blueprint3.RadioGroup-3"
              onChange={[Function]}
              type="radio"
              value="to"
            />
            <span
              className="bp3-control-indicator"
            />
            Televised Instruction (origination site)
          </label>
        </Control>
      </Blueprint3.Radio>
      <Blueprint3.Radio
        checked={false}
        className="televised-instruction-tr"
        key=".9"
        label="Televised Instruction (receiving site)"
        name="Blueprint3.RadioGroup-3"
        onChange={[Function]}
        value="tr"
      >
        <Control
          checked={false}
          className="televised-instruction-tr"
          label="Televised Instruction (receiving site)"
          name="Blueprint3.RadioGroup-3"
          onChange={[Function]}
          type="radio"
          typeClassName="bp3-radio"
          value="tr"
        >
          <label
            className="bp3-control bp3-radio televised-instruction-tr"
          >
            <input
              checked={false}
              name="Blueprint3.RadioGroup-3"
              onChange={[Function]}
              type="radio"
              value="tr"
            />
            <span
              className="bp3-control-indicator"
            />
            Televised Instruction (receiving site)
          </label>
        </Control>
      </Blueprint3.Radio>
      <Blueprint3.Radio
        checked={false}
        className="zero-unit"
        key=".a"
        label="Zero Unit Instruction "
        name="Blueprint3.RadioGroup-3"
        onChange={[Function]}
        value="z"
      >
        <Control
          checked={false}
          className="zero-unit"
          label="Zero Unit Instruction "
          name="Blueprint3.RadioGroup-3"
          onChange={[Function]}
          type="radio"
          typeClassName="bp3-radio"
          value="z"
        >
          <label
            className="bp3-control bp3-radio zero-unit"
          >
            <input
              checked={false}
              name="Blueprint3.RadioGroup-3"
              onChange={[Function]}
              type="radio"
              value="z"
            />
            <span
              className="bp3-control-indicator"
            />
            Zero Unit Instruction 
          </label>
        </Control>
      </Blueprint3.Radio>
    </div>
  </Blueprint3.RadioGroup>
</RadioGroupInstructionMode>
`;
