// Jest Snapshot v1, https://goo.gl/fbAQLP

exports[`Subject autocomplete component Given a class search form subject component snapshot 1`] = `
Array [
  <Blueprint3.Suggest
    className="search-autocomplete"
    closeOnSelect={true}
    inputValueRenderer={[Function]}
    itemPredicate={[Function]}
    itemRenderer={[Function]}
    items={Array []}
    noResults={
      <Blueprint3.MenuItem
        disabled={true}
        multiline={false}
        popoverProps={Object {}}
        shouldDismissPopover={true}
        text="Searching for subject..."
      />
    }
    onItemSelect={[Function]}
    openOnKeyDown={false}
    resetOnClose={true}
  >
    <Blueprint3.QueryList
      className="search-autocomplete"
      closeOnSelect={true}
      inputValueRenderer={[Function]}
      itemPredicate={[Function]}
      itemRenderer={[Function]}
      items={Array []}
      noResults={
        <Blueprint3.MenuItem
          disabled={true}
          multiline={false}
          popoverProps={Object {}}
          shouldDismissPopover={true}
          text="Searching for subject..."
        />
      }
      onItemSelect={[Function]}
      openOnKeyDown={false}
      renderer={[Function]}
      resetOnClose={true}
      resetOnQuery={true}
    >
      <Blueprint3.Popover
        autoFocus={false}
        boundary="scrollParent"
        captureDismiss={false}
        className="search-autocomplete"
        defaultIsOpen={false}
        disabled={false}
        enforceFocus={false}
        fill={false}
        hasBackdrop={false}
        hoverCloseDelay={300}
        hoverOpenDelay={150}
        inheritDarkTheme={true}
        interactionKind="click"
        isOpen={false}
        minimal={false}
        modifiers={Object {}}
        onInteraction={[Function]}
        onOpened={[Function]}
        onOpening={[Function]}
        openOnTargetFocus={true}
        popoverClassName="bp3-select-popover"
        position="bottom-left"
        targetTagName="span"
        transitionDuration={300}
        usePortal={true}
        wrapperTagName="span"
      >
        <Manager>
          <span
            className="bp3-popover-wrapper search-autocomplete"
          >
            <Reference
              innerRef={[Function]}
            >
              <InnerReference
                innerRef={[Function]}
                setReferenceNode={[Function]}
              >
                <Blueprint3.ResizeSensor
                  onResize={[Function]}
                >
                  <span
                    className="bp3-popover-target"
                    onClick={[Function]}
                  >
                    <Blueprint3.InputGroup
                      className=""
                      inputRef={[Function]}
                      key=".0"
                      onChange={[Function]}
                      onFocus={[Function]}
                      onKeyDown={[Function]}
                      onKeyUp={[Function]}
                      placeholder="Search..."
                      value=""
                    >
                      <div
                        className="bp3-input-group"
                      >
                        <input
                          className="bp3-input"
                          onChange={[Function]}
                          onFocus={[Function]}
                          onKeyDown={[Function]}
                          onKeyUp={[Function]}
                          placeholder="Search..."
                          style={
                            Object {
                              "paddingLeft": undefined,
                              "paddingRight": undefined,
                            }
                          }
                          type="text"
                          value=""
                        />
                      </div>
                    </Blueprint3.InputGroup>
                  </span>
                </Blueprint3.ResizeSensor>
              </InnerReference>
            </Reference>
            <Blueprint3.Overlay
              autoFocus={false}
              backdropClassName="bp3-popover-backdrop"
              backdropProps={Object {}}
              canEscapeKeyClose={true}
              canOutsideClickClose={true}
              enforceFocus={false}
              hasBackdrop={false}
              isOpen={false}
              lazy={true}
              onClose={[Function]}
              onOpened={[Function]}
              onOpening={[Function]}
              transitionDuration={300}
              transitionName="bp3-popover"
              usePortal={true}
            />
          </span>
        </Manager>
      </Blueprint3.Popover>
    </Blueprint3.QueryList>
  </Blueprint3.Suggest>,
  <Blueprint3.QueryList
    className="search-autocomplete"
    closeOnSelect={true}
    inputValueRenderer={[Function]}
    itemPredicate={[Function]}
    itemRenderer={[Function]}
    items={Array []}
    noResults={
      <Blueprint3.MenuItem
        disabled={true}
        multiline={false}
        popoverProps={Object {}}
        shouldDismissPopover={true}
        text="Searching for subject..."
      />
    }
    onItemSelect={[Function]}
    openOnKeyDown={false}
    renderer={[Function]}
    resetOnClose={true}
    resetOnQuery={true}
  >
    <Blueprint3.Popover
      autoFocus={false}
      boundary="scrollParent"
      captureDismiss={false}
      className="search-autocomplete"
      defaultIsOpen={false}
      disabled={false}
      enforceFocus={false}
      fill={false}
      hasBackdrop={false}
      hoverCloseDelay={300}
      hoverOpenDelay={150}
      inheritDarkTheme={true}
      interactionKind="click"
      isOpen={false}
      minimal={false}
      modifiers={Object {}}
      onInteraction={[Function]}
      onOpened={[Function]}
      onOpening={[Function]}
      openOnTargetFocus={true}
      popoverClassName="bp3-select-popover"
      position="bottom-left"
      targetTagName="span"
      transitionDuration={300}
      usePortal={true}
      wrapperTagName="span"
    >
      <Manager>
        <span
          className="bp3-popover-wrapper search-autocomplete"
        >
          <Reference
            innerRef={[Function]}
          >
            <InnerReference
              innerRef={[Function]}
              setReferenceNode={[Function]}
            >
              <Blueprint3.ResizeSensor
                onResize={[Function]}
              >
                <span
                  className="bp3-popover-target"
                  onClick={[Function]}
                >
                  <Blueprint3.InputGroup
                    className=""
                    inputRef={[Function]}
                    key=".0"
                    onChange={[Function]}
                    onFocus={[Function]}
                    onKeyDown={[Function]}
                    onKeyUp={[Function]}
                    placeholder="Search..."
                    value=""
                  >
                    <div
                      className="bp3-input-group"
                    >
                      <input
                        className="bp3-input"
                        onChange={[Function]}
                        onFocus={[Function]}
                        onKeyDown={[Function]}
                        onKeyUp={[Function]}
                        placeholder="Search..."
                        style={
                          Object {
                            "paddingLeft": undefined,
                            "paddingRight": undefined,
                          }
                        }
                        type="text"
                        value=""
                      />
                    </div>
                  </Blueprint3.InputGroup>
                </span>
              </Blueprint3.ResizeSensor>
            </InnerReference>
          </Reference>
          <Blueprint3.Overlay
            autoFocus={false}
            backdropClassName="bp3-popover-backdrop"
            backdropProps={Object {}}
            canEscapeKeyClose={true}
            canOutsideClickClose={true}
            enforceFocus={false}
            hasBackdrop={false}
            isOpen={false}
            lazy={true}
            onClose={[Function]}
            onOpened={[Function]}
            onOpening={[Function]}
            transitionDuration={300}
            transitionName="bp3-popover"
            usePortal={true}
          />
        </span>
      </Manager>
    </Blueprint3.Popover>
  </Blueprint3.QueryList>,
  <Blueprint3.Popover
    autoFocus={false}
    boundary="scrollParent"
    captureDismiss={false}
    className="search-autocomplete"
    defaultIsOpen={false}
    disabled={false}
    enforceFocus={false}
    fill={false}
    hasBackdrop={false}
    hoverCloseDelay={300}
    hoverOpenDelay={150}
    inheritDarkTheme={true}
    interactionKind="click"
    isOpen={false}
    minimal={false}
    modifiers={Object {}}
    onInteraction={[Function]}
    onOpened={[Function]}
    onOpening={[Function]}
    openOnTargetFocus={true}
    popoverClassName="bp3-select-popover"
    position="bottom-left"
    targetTagName="span"
    transitionDuration={300}
    usePortal={true}
    wrapperTagName="span"
  >
    <Manager>
      <span
        className="bp3-popover-wrapper search-autocomplete"
      >
        <Reference
          innerRef={[Function]}
        >
          <InnerReference
            innerRef={[Function]}
            setReferenceNode={[Function]}
          >
            <Blueprint3.ResizeSensor
              onResize={[Function]}
            >
              <span
                className="bp3-popover-target"
                onClick={[Function]}
              >
                <Blueprint3.InputGroup
                  className=""
                  inputRef={[Function]}
                  key=".0"
                  onChange={[Function]}
                  onFocus={[Function]}
                  onKeyDown={[Function]}
                  onKeyUp={[Function]}
                  placeholder="Search..."
                  value=""
                >
                  <div
                    className="bp3-input-group"
                  >
                    <input
                      className="bp3-input"
                      onChange={[Function]}
                      onFocus={[Function]}
                      onKeyDown={[Function]}
                      onKeyUp={[Function]}
                      placeholder="Search..."
                      style={
                        Object {
                          "paddingLeft": undefined,
                          "paddingRight": undefined,
                        }
                      }
                      type="text"
                      value=""
                    />
                  </div>
                </Blueprint3.InputGroup>
              </span>
            </Blueprint3.ResizeSensor>
          </InnerReference>
        </Reference>
        <Blueprint3.Overlay
          autoFocus={false}
          backdropClassName="bp3-popover-backdrop"
          backdropProps={Object {}}
          canEscapeKeyClose={true}
          canOutsideClickClose={true}
          enforceFocus={false}
          hasBackdrop={false}
          isOpen={false}
          lazy={true}
          onClose={[Function]}
          onOpened={[Function]}
          onOpening={[Function]}
          transitionDuration={300}
          transitionName="bp3-popover"
          usePortal={true}
        />
      </span>
    </Manager>
  </Blueprint3.Popover>,
  <span
    className="bp3-popover-wrapper search-autocomplete"
  >
    <Reference
      innerRef={[Function]}
    >
      <InnerReference
        innerRef={[Function]}
        setReferenceNode={[Function]}
      >
        <Blueprint3.ResizeSensor
          onResize={[Function]}
        >
          <span
            className="bp3-popover-target"
            onClick={[Function]}
          >
            <Blueprint3.InputGroup
              className=""
              inputRef={[Function]}
              key=".0"
              onChange={[Function]}
              onFocus={[Function]}
              onKeyDown={[Function]}
              onKeyUp={[Function]}
              placeholder="Search..."
              value=""
            >
              <div
                className="bp3-input-group"
              >
                <input
                  className="bp3-input"
                  onChange={[Function]}
                  onFocus={[Function]}
                  onKeyDown={[Function]}
                  onKeyUp={[Function]}
                  placeholder="Search..."
                  style={
                    Object {
                      "paddingLeft": undefined,
                      "paddingRight": undefined,
                    }
                  }
                  type="text"
                  value=""
                />
              </div>
            </Blueprint3.InputGroup>
          </span>
        </Blueprint3.ResizeSensor>
      </InnerReference>
    </Reference>
    <Blueprint3.Overlay
      autoFocus={false}
      backdropClassName="bp3-popover-backdrop"
      backdropProps={Object {}}
      canEscapeKeyClose={true}
      canOutsideClickClose={true}
      enforceFocus={false}
      hasBackdrop={false}
      isOpen={false}
      lazy={true}
      onClose={[Function]}
      onOpened={[Function]}
      onOpening={[Function]}
      transitionDuration={300}
      transitionName="bp3-popover"
      usePortal={true}
    />
  </span>,
]
`;
