// Jest Snapshot v1, https://goo.gl/fbAQLP

exports[`<SelectListCourseAttr> Given a class search form snapshot 1`] = `
Array [
  <HTMLSelect
    className="course-attribute"
    id="course-attribute"
    onChange={[Function]}
    options={
      Array [
        Object {
          "label": "All",
          "value": "all",
        },
        Object {
          "label": "Asian Studies",
          "value": "ASTD",
        },
        Object {
          "label": "Chicano(a)/Latino(a) Studies",
          "value": "CLST",
        },
        Object {
          "label": "eBook",
          "value": "EBK",
        },
        Object {
          "label": "Ethnic Studies",
          "value": "ETHN",
        },
        Object {
          "label": "GE Designation",
          "value": "DES",
        },
        Object {
          "label": "Gender and Sexuality Studies",
          "value": "GSS",
        },
        Object {
          "label": "Latin American Studies",
          "value": "LTAM",
        },
        Object {
          "label": "Low Cost Course Materials",
          "value": "LCCM",
        },
        Object {
          "label": "Service Learning",
          "value": "CSLI",
        },
        Object {
          "label": "Study Abroad",
          "value": "SA",
        },
        Object {
          "label": "Women's Studies",
          "value": "WSTD",
        },
        Object {
          "label": "Zero Cost Course Materials",
          "value": "ZCCM",
        },
      ]
    }
    value="all"
  >
    <div
      className="bp3-html-select course-attribute"
    >
      <select
        id="course-attribute"
        multiple={false}
        onChange={[Function]}
        value="all"
      >
        <option
          key="all"
          label="All"
          value="all"
        >
          All
        </option>
        <option
          key="ASTD"
          label="Asian Studies"
          value="ASTD"
        >
          Asian Studies
        </option>
        <option
          key="CLST"
          label="Chicano(a)/Latino(a) Studies"
          value="CLST"
        >
          Chicano(a)/Latino(a) Studies
        </option>
        <option
          key="EBK"
          label="eBook"
          value="EBK"
        >
          eBook
        </option>
        <option
          key="ETHN"
          label="Ethnic Studies"
          value="ETHN"
        >
          Ethnic Studies
        </option>
        <option
          key="DES"
          label="GE Designation"
          value="DES"
        >
          GE Designation
        </option>
        <option
          key="GSS"
          label="Gender and Sexuality Studies"
          value="GSS"
        >
          Gender and Sexuality Studies
        </option>
        <option
          key="LTAM"
          label="Latin American Studies"
          value="LTAM"
        >
          Latin American Studies
        </option>
        <option
          key="LCCM"
          label="Low Cost Course Materials"
          value="LCCM"
        >
          Low Cost Course Materials
        </option>
        <option
          key="CSLI"
          label="Service Learning"
          value="CSLI"
        >
          Service Learning
        </option>
        <option
          key="SA"
          label="Study Abroad"
          value="SA"
        >
          Study Abroad
        </option>
        <option
          key="WSTD"
          label="Women's Studies"
          value="WSTD"
        >
          Women's Studies
        </option>
        <option
          key="ZCCM"
          label="Zero Cost Course Materials"
          value="ZCCM"
        >
          Zero Cost Course Materials
        </option>
      </select>
      <Blueprint3.Icon
        icon="double-caret-vertical"
      >
        <span
          className="bp3-icon bp3-icon-double-caret-vertical"
          icon="double-caret-vertical"
        >
          <svg
            data-icon="double-caret-vertical"
            height={16}
            viewBox="0 0 16 16"
            width={16}
          >
            <desc>
              double-caret-vertical
            </desc>
            <path
              d="M5 7h6a1.003 1.003 0 00.71-1.71l-3-3C8.53 2.11 8.28 2 8 2s-.53.11-.71.29l-3 3A1.003 1.003 0 005 7zm6 2H5a1.003 1.003 0 00-.71 1.71l3 3c.18.18.43.29.71.29s.53-.11.71-.29l3-3A1.003 1.003 0 0011 9z"
              fillRule="evenodd"
              key="0"
            />
          </svg>
        </span>
      </Blueprint3.Icon>
    </div>
  </HTMLSelect>,
  <div
    className="bp3-html-select course-attribute"
  >
    <select
      id="course-attribute"
      multiple={false}
      onChange={[Function]}
      value="all"
    >
      <option
        key="all"
        label="All"
        value="all"
      >
        All
      </option>
      <option
        key="ASTD"
        label="Asian Studies"
        value="ASTD"
      >
        Asian Studies
      </option>
      <option
        key="CLST"
        label="Chicano(a)/Latino(a) Studies"
        value="CLST"
      >
        Chicano(a)/Latino(a) Studies
      </option>
      <option
        key="EBK"
        label="eBook"
        value="EBK"
      >
        eBook
      </option>
      <option
        key="ETHN"
        label="Ethnic Studies"
        value="ETHN"
      >
        Ethnic Studies
      </option>
      <option
        key="DES"
        label="GE Designation"
        value="DES"
      >
        GE Designation
      </option>
      <option
        key="GSS"
        label="Gender and Sexuality Studies"
        value="GSS"
      >
        Gender and Sexuality Studies
      </option>
      <option
        key="LTAM"
        label="Latin American Studies"
        value="LTAM"
      >
        Latin American Studies
      </option>
      <option
        key="LCCM"
        label="Low Cost Course Materials"
        value="LCCM"
      >
        Low Cost Course Materials
      </option>
      <option
        key="CSLI"
        label="Service Learning"
        value="CSLI"
      >
        Service Learning
      </option>
      <option
        key="SA"
        label="Study Abroad"
        value="SA"
      >
        Study Abroad
      </option>
      <option
        key="WSTD"
        label="Women's Studies"
        value="WSTD"
      >
        Women's Studies
      </option>
      <option
        key="ZCCM"
        label="Zero Cost Course Materials"
        value="ZCCM"
      >
        Zero Cost Course Materials
      </option>
    </select>
    <Blueprint3.Icon
      icon="double-caret-vertical"
    >
      <span
        className="bp3-icon bp3-icon-double-caret-vertical"
        icon="double-caret-vertical"
      >
        <svg
          data-icon="double-caret-vertical"
          height={16}
          viewBox="0 0 16 16"
          width={16}
        >
          <desc>
            double-caret-vertical
          </desc>
          <path
            d="M5 7h6a1.003 1.003 0 00.71-1.71l-3-3C8.53 2.11 8.28 2 8 2s-.53.11-.71.29l-3 3A1.003 1.003 0 005 7zm6 2H5a1.003 1.003 0 00-.71 1.71l3 3c.18.18.43.29.71.29s.53-.11.71-.29l3-3A1.003 1.003 0 0011 9z"
            fillRule="evenodd"
            key="0"
          />
        </svg>
      </span>
    </Blueprint3.Icon>
  </div>,
]
`;
