// Jest Snapshot v1, https://goo.gl/fbAQLP

exports[`Open classes component component snapshot 1`] = `
<OpenClasses
  onChangeOfOpenClasses={[Function]}
  openClasses={false}
>
  <div
    className="label"
  >
    Open Classes
  </div>
  <div
    id="open-classes-filter"
  >
    <Blueprint3.FormGroup
      helperText="The return results do not include waitlisted classes"
      labelFor="open-classes"
    >
      <div
        className="bp3-form-group"
      >
        <div
          className="bp3-form-content"
        >
          <Blueprint3.Switch
            alignIndicator="right"
            checked={false}
            className="open-classes"
            large={true}
            onChange={[Function]}
          >
            <Control
              alignIndicator="right"
              checked={false}
              className="open-classes"
              indicatorChildren={null}
              large={true}
              onChange={[Function]}
              type="checkbox"
              typeClassName="bp3-switch"
            >
              <label
                className="bp3-control bp3-switch bp3-large bp3-align-right open-classes"
              >
                <input
                  checked={false}
                  onChange={[Function]}
                  type="checkbox"
                />
                <span
                  className="bp3-control-indicator"
                />
              </label>
            </Control>
          </Blueprint3.Switch>
          <div
            className="bp3-form-helper-text"
          >
            The return results do not include waitlisted classes
          </div>
        </div>
      </div>
    </Blueprint3.FormGroup>
  </div>
</OpenClasses>
`;
