// Jest Snapshot v1, https://goo.gl/fbAQLP

exports[`Open classes component component snapshot 1`] = `
<OpenClasses
  onChangeOfOpenClasses={[Function]}
  openClasses={false}
>
  <Blueprint3.FormGroup
    label="Open Classes"
    labelFor="open-classes"
  >
    <div
      className="bp3-form-group"
    >
      <label
        className="bp3-label"
        htmlFor="open-classes"
      >
        Open Classes
         
        <span
          className="bp3-text-muted"
        />
      </label>
      <div
        className="bp3-form-content"
      >
        <Blueprint3.Switch
          alignIndicator="right"
          checked={false}
          className="open-classes"
          large={true}
          onChange={[Function]}
        >
          <Control
            alignIndicator="right"
            checked={false}
            className="open-classes"
            indicatorChildren={null}
            large={true}
            onChange={[Function]}
            type="checkbox"
            typeClassName="bp3-switch"
          >
            <label
              className="bp3-control bp3-switch bp3-large bp3-align-right open-classes"
            >
              <input
                checked={false}
                onChange={[Function]}
                type="checkbox"
              />
              <span
                className="bp3-control-indicator"
              />
            </label>
          </Control>
        </Blueprint3.Switch>
      </div>
    </div>
  </Blueprint3.FormGroup>
</OpenClasses>
`;
